Component: ARM Compiler 5.06 update 7 (build 960) Tool: armlink [4d3601]

==============================================================================

Section Cross References

    startup_stm32f10x_md.o(STACK) refers (Special) to heapauxi.o(.text) for __use_two_region_memory
    startup_stm32f10x_md.o(HEAP) refers (Special) to heapauxi.o(.text) for __use_two_region_memory
    startup_stm32f10x_md.o(RESET) refers (Special) to heapauxi.o(.text) for __use_two_region_memory
    startup_stm32f10x_md.o(RESET) refers to startup_stm32f10x_md.o(STACK) for __initial_sp
    startup_stm32f10x_md.o(RESET) refers to startup_stm32f10x_md.o(.text) for Reset_Handler
    startup_stm32f10x_md.o(RESET) refers to stm32f10x_it.o(i.NMI_Handler) for NMI_Handler
    startup_stm32f10x_md.o(RESET) refers to stm32f10x_it.o(i.HardFault_Handler) for HardFault_Handler
    startup_stm32f10x_md.o(RESET) refers to stm32f10x_it.o(i.MemManage_Handler) for MemManage_Handler
    startup_stm32f10x_md.o(RESET) refers to stm32f10x_it.o(i.BusFault_Handler) for BusFault_Handler
    startup_stm32f10x_md.o(RESET) refers to stm32f10x_it.o(i.UsageFault_Handler) for UsageFault_Handler
    startup_stm32f10x_md.o(RESET) refers to port.o(.emb_text) for SVC_Handler
    startup_stm32f10x_md.o(RESET) refers to stm32f10x_it.o(i.DebugMon_Handler) for DebugMon_Handler
    startup_stm32f10x_md.o(RESET) refers to port.o(i.SysTick_Handler) for SysTick_Handler
    startup_stm32f10x_md.o(RESET) refers to gpio.o(i.EXTI1_IRQHandler) for EXTI1_IRQHandler
    startup_stm32f10x_md.o(RESET) refers to gpio.o(i.EXTI2_IRQHandler) for EXTI2_IRQHandler
    startup_stm32f10x_md.o(RESET) refers to gpio.o(i.EXTI3_IRQHandler) for EXTI3_IRQHandler
    startup_stm32f10x_md.o(RESET) refers to gpio.o(i.EXTI4_IRQHandler) for EXTI4_IRQHandler
    startup_stm32f10x_md.o(RESET) refers to tim.o(i.TIM3_IRQHandler) for TIM3_IRQHandler
    startup_stm32f10x_md.o(RESET) refers to usart.o(i.USART1_IRQHandler) for USART1_IRQHandler
    startup_stm32f10x_md.o(RESET) refers to usart.o(i.USART3_IRQHandler) for USART3_IRQHandler
    startup_stm32f10x_md.o(.text) refers (Special) to heapauxi.o(.text) for __use_two_region_memory
    startup_stm32f10x_md.o(.text) refers to system_stm32f10x.o(i.SystemInit) for SystemInit
    startup_stm32f10x_md.o(.text) refers to __main.o(!!!main) for __main
    startup_stm32f10x_md.o(.text) refers to startup_stm32f10x_md.o(HEAP) for Heap_Mem
    startup_stm32f10x_md.o(.text) refers to startup_stm32f10x_md.o(STACK) for Stack_Mem
    system_stm32f10x.o(i.SystemCoreClockUpdate) refers to system_stm32f10x.o(.data) for .data
    system_stm32f10x.o(i.SystemInit) refers to system_stm32f10x.o(i.SetSysClockTo72) for SetSysClockTo72
    stm32f10x_adc.o(i.ADC_DeInit) refers to stm32f10x_rcc.o(i.RCC_APB2PeriphResetCmd) for RCC_APB2PeriphResetCmd
    stm32f10x_bkp.o(i.BKP_DeInit) refers to stm32f10x_rcc.o(i.RCC_BackupResetCmd) for RCC_BackupResetCmd
    stm32f10x_can.o(i.CAN_DeInit) refers to stm32f10x_rcc.o(i.RCC_APB1PeriphResetCmd) for RCC_APB1PeriphResetCmd
    stm32f10x_can.o(i.CAN_GetITStatus) refers to stm32f10x_can.o(i.CheckITStatus) for CheckITStatus
    stm32f10x_cec.o(i.CEC_DeInit) refers to stm32f10x_rcc.o(i.RCC_APB1PeriphResetCmd) for RCC_APB1PeriphResetCmd
    stm32f10x_dac.o(i.DAC_DeInit) refers to stm32f10x_rcc.o(i.RCC_APB1PeriphResetCmd) for RCC_APB1PeriphResetCmd
    stm32f10x_flash.o(i.FLASH_EnableWriteProtection) refers to stm32f10x_flash.o(i.FLASH_WaitForLastOperation) for FLASH_WaitForLastOperation
    stm32f10x_flash.o(i.FLASH_EraseAllBank1Pages) refers to stm32f10x_flash.o(i.FLASH_WaitForLastBank1Operation) for FLASH_WaitForLastBank1Operation
    stm32f10x_flash.o(i.FLASH_EraseAllPages) refers to stm32f10x_flash.o(i.FLASH_WaitForLastOperation) for FLASH_WaitForLastOperation
    stm32f10x_flash.o(i.FLASH_EraseOptionBytes) refers to stm32f10x_flash.o(i.FLASH_GetReadOutProtectionStatus) for FLASH_GetReadOutProtectionStatus
    stm32f10x_flash.o(i.FLASH_EraseOptionBytes) refers to stm32f10x_flash.o(i.FLASH_WaitForLastOperation) for FLASH_WaitForLastOperation
    stm32f10x_flash.o(i.FLASH_ErasePage) refers to stm32f10x_flash.o(i.FLASH_WaitForLastOperation) for FLASH_WaitForLastOperation
    stm32f10x_flash.o(i.FLASH_ProgramHalfWord) refers to stm32f10x_flash.o(i.FLASH_WaitForLastOperation) for FLASH_WaitForLastOperation
    stm32f10x_flash.o(i.FLASH_ProgramOptionByteData) refers to stm32f10x_flash.o(i.FLASH_WaitForLastOperation) for FLASH_WaitForLastOperation
    stm32f10x_flash.o(i.FLASH_ProgramWord) refers to stm32f10x_flash.o(i.FLASH_WaitForLastOperation) for FLASH_WaitForLastOperation
    stm32f10x_flash.o(i.FLASH_ReadOutProtection) refers to stm32f10x_flash.o(i.FLASH_WaitForLastOperation) for FLASH_WaitForLastOperation
    stm32f10x_flash.o(i.FLASH_UserOptionByteConfig) refers to stm32f10x_flash.o(i.FLASH_WaitForLastOperation) for FLASH_WaitForLastOperation
[...]
    Menu_GetHomeEndItem                      0x0800210f   Thumb Code    12  menu.o(i.Menu_GetHomeEndItem)
    Menu_GetHomeMaxItem                      0x0800211b   Thumb Code    18  menu.o(i.Menu_GetHomeMaxItem)
    Menu_GetMenuEndItem                      0x0800212d   Thumb Code    12  menu.o(i.Menu_GetMenuEndItem)
    Menu_GetMenuMaxItem                      0x08002139   Thumb Code    18  menu.o(i.Menu_GetMenuMaxItem)
    Menu_Include_HomeItem                    0x0800214b   Thumb Code    18  menu.o(i.Menu_Include_HomeItem)
    Menu_Include_MenuItem                    0x0800215d   Thumb Code    18  menu.o(i.Menu_Include_MenuItem)
    Menu_InitPro                             0x0800216f   Thumb Code    14  menu.o(i.Menu_InitPro)
    Menu_MaxItem_Init                        0x0800217d   Thumb Code    54  menu.o(i.Menu_MaxItem_Init)
    Menu_RetHomeItem                         0x080021b9   Thumb Code    28  menu.o(i.Menu_RetHomeItem)
    Menu_RetMenuItem                         0x080021d5   Thumb Code    28  menu.o(i.Menu_RetMenuItem)
    Mneu_CreateSwitchModule                  0x080021f1   Thumb Code    18  menu.o(i.Mneu_CreateSwitchModule)
    MySystem_GetFreeHeap                     0x08002205   Thumb Code    12  mysystem.o(i.MySystem_GetFreeHeap)
    MySystem_OLED_Brightness                 0x08002215   Thumb Code    56  mysystem.o(i.MySystem_OLED_Brightness)
    MySystem_OLED_DarkColor                  0x08002251   Thumb Code    22  mysystem.o(i.MySystem_OLED_DarkColor)
    MySystem_OLED_DirectionLR                0x0800226d   Thumb Code    22  mysystem.o(i.MySystem_OLED_DirectionLR)
    MySystem_OLED_DirectionTB                0x08002289   Thumb Code    22  mysystem.o(i.MySystem_OLED_DirectionTB)
    MySystem_OLED_Function                   0x080022a5   Thumb Code    22  mysystem.o(i.MySystem_OLED_Function)
    NMI_Handler                              0x080022bb   Thumb Code     2  stm32f10x_it.o(i.NMI_Handler)
    NVIC_Init                                0x080022bd   Thumb Code    94  misc.o(i.NVIC_Init)
    NVIC_PriorityGroupConfig                 0x08002321   Thumb Code    10  misc.o(i.NVIC_PriorityGroupConfig)
    OLED_Clear                               0x08002335   Thumb Code    34  oled.o(i.OLED_Clear)
    OLED_ClearArea                           0x0800235d   Thumb Code    90  oled.o(i.OLED_ClearArea)
    OLED_DrawPoint                           0x080023bd   Thumb Code    34  oled.o(i.OLED_DrawPoint)
    OLED_DrawRectangle                       0x080023e5   Thumb Code   114  oled.o(i.OLED_DrawRectangle)
    OLED_GPIO_Init                           0x08002459   Thumb Code    86  oled.o(i.OLED_GPIO_Init)
    OLED_I2C_SendByte                        0x080024b5   Thumb Code    58  oled.o(i.OLED_I2C_SendByte)
    OLED_I2C_Start                           0x080024ef   Thumb Code    30  oled.o(i.OLED_I2C_Start)
    OLED_I2C_Stop                            0x0800250d   Thumb Code    24  oled.o(i.OLED_I2C_Stop)
    OLED_Init                                0x08002525   Thumb Code   156  oled.o(i.OLED_Init)
    OLED_Pow                                 0x080025c1   Thumb Code    14  oled.o(i.OLED_Pow)
    OLED_SetCursor                           0x080025cf   Thumb Code    34  oled.o(i.OLED_SetCursor)
    OLED_ShowChar                            0x080025f1   Thumb Code    52  oled.o(i.OLED_ShowChar)
    OLED_ShowImage                           0x0800262d   Thumb Code   150  oled.o(i.OLED_ShowImage)
    OLED_ShowNum                             0x080026c9   Thumb Code    72  oled.o(i.OLED_ShowNum)
    OLED_ShowSignedNum                       0x08002711   Thumb Code    92  oled.o(i.OLED_ShowSignedNum)
    OLED_ShowString                          0x0800276d   Thumb Code    44  oled.o(i.OLED_ShowString)
    OLED_Update                              0x08002799   Thumb Code    48  oled.o(i.OLED_Update)
    OLED_W_SCL                               0x080027cd   Thumb Code    10  oled.o(i.OLED_W_SCL)
    OLED_W_SDA                               0x080027dd   Thumb Code    10  oled.o(i.OLED_W_SDA)
    OLED_WriteCommand                        0x080027ed   Thumb Code    34  oled.o(i.OLED_WriteCommand)
    OLED_WriteData                           0x0800280f   Thumb Code    48  oled.o(i.OLED_WriteData)
    POST_ChangeRequest                       0x08002841   Thumb Code    38  post.o(i.POST_ChangeRequest)
    POST_Currency                            0x0800286d   Thumb Code   124  post.o(i.POST_Currency)
    POST_SliderModule                        0x080028f9   Thumb Code    92  post.o(i.POST_SliderModule)
    POST_SliderModule_GetData                0x08002965   Thumb Code   200  post.o(i.POST_SliderModule_GetData)
    POST_SwitchModule                        0x08002a2d   Thumb Code    84  post.o(i.POST_SwitchModule)
    POST_SwitchModule_GetState               0x08002a91   Thumb Code    46  post.o(i.POST_SwitchModule_GetState)
    POST_ViewModule                          0x08002ac1   Thumb Code    84  post.o(i.POST_ViewModule)
    POST_ViewModule_GetValue                 0x08002b25   Thumb Code    48  post.o(i.POST_ViewModule_GetValue)
    RCC_APB1PeriphClockCmd                   0x08002b55   Thumb Code    18  stm32f10x_rcc.o(i.RCC_APB1PeriphClockCmd)
    RCC_APB2PeriphClockCmd                   0x08002b6d   Thumb Code    18  stm32f10x_rcc.o(i.RCC_APB2PeriphClockCmd)
    RCC_GetClocksFreq                        0x08002b85   Thumb Code   132  stm32f10x_rcc.o(i.RCC_GetClocksFreq)
    SysTick_Handler                          0x08002cc1   Thumb Code    38  port.o(i.SysTick_Handler)
    SystemInit                               0x08002ced   Thumb Code    64  system_stm32f10x.o(i.SystemInit)
    TASK1                                    0x08002d3d   Thumb Code     6  mytask.o(i.TASK1)
    TASK10                                   0x08002d43   Thumb Code     2  mytask.o(i.TASK10)
    TASK11                                   0x08002d45   Thumb Code     2  mytask.o(i.TASK11)
    TASK12                                   0x08002d47   Thumb Code     2  mytask.o(i.TASK12)
    TASK13                                   0x08002d49   Thumb Code    10  mytask.o(i.TASK13)
    TASK14                                   0x08002d53   Thumb Code    20  mytask.o(i.TASK14)
    TASK15                                   0x08002d67   Thumb Code    12  mytask.o(i.TASK15)
    TASK2                                    0x08002d73   Thumb Code     6  mytask.o(i.TASK2)
    TASK3                                    0x08002d79   Thumb Code     6  mytask.o(i.TASK3)
    TASK4                                    0x08002d7f   Thumb Code     6  mytask.o(i.TASK4)
    TASK5                                    0x08002d85   Thumb Code    16  mytask.o(i.TASK5)
    TASK6                                    0x08002d95   Thumb Code    18  mytask.o(i.TASK6)
    TASK7                                    0x08002dad   Thumb Code    16  mytask.o(i.TASK7)
    TASK8                                    0x08002dbd   Thumb Code     2  mytask.o(i.TASK8)
    TASK9                                    0x08002dbf   Thumb Code     2  mytask.o(i.TASK9)
    TASK_InitPro                             0x08002dc1   Thumb Code    38  mytask.o(i.TASK_InitPro)
    TIM2_Delay_ms                            0x08002dfd   Thumb Code    54  delay.o(i.TIM2_Delay_ms)
    TIM2_Init                                0x08002e33   Thumb Code    70  tim.o(i.TIM2_Init)
    TIM3_IRQHandler                          0x08002e79   Thumb Code    68  tim.o(i.TIM3_IRQHandler)
    TIM3_Init                                0x08002ec5   Thumb Code   106  tim.o(i.TIM3_Init)
    TIM_ClearFlag                            0x08002f35   Thumb Code     6  stm32f10x_tim.o(i.TIM_ClearFlag)
    TIM_ClearITPendingBit                    0x08002f3b   Thumb Code     6  stm32f10x_tim.o(i.TIM_ClearITPendingBit)
    TIM_Cmd                                  0x08002f41   Thumb Code    20  stm32f10x_tim.o(i.TIM_Cmd)
    TIM_GetCounter                           0x08002f55   Thumb Code     4  stm32f10x_tim.o(i.TIM_GetCounter)
    TIM_GetITStatus                          0x08002f59   Thumb Code    24  stm32f10x_tim.o(i.TIM_GetITStatus)
    TIM_ITConfig                             0x08002f71   Thumb Code    16  stm32f10x_tim.o(i.TIM_ITConfig)
    TIM_InitPro                              0x08002f81   Thumb Code    14  tim.o(i.TIM_InitPro)
    TIM_SetCounter                           0x08002f8f   Thumb Code     4  stm32f10x_tim.o(i.TIM_SetCounter)
    TIM_TimeBaseInit                         0x08002f95   Thumb Code   114  stm32f10x_tim.o(i.TIM_TimeBaseInit)
    Task_Start                               0x08003031   Thumb Code   322  mytask.o(i.Task_Start)
    UI_Display_ExitTips                      0x0800322d   Thumb Code    40  ui.o(i.UI_Display_ExitTips)
    UI_Display_Home                          0x08003265   Thumb Code   120  ui.o(i.UI_Display_Home)
    UI_Display_ManualControl                 0x080032e5   Thumb Code   182  ui.o(i.UI_Display_ManualControl)
    UI_Display_ManualControl_Cornor          0x080033bd   Thumb Code   158  ui.o(i.UI_Display_ManualControl_Cornor)
    UI_Display_Menu                          0x08003461   Thumb Code   422  ui.o(i.UI_Display_Menu)
    UI_Display_RequestFail                   0x08003615   Thumb Code    40  ui.o(i.UI_Display_RequestFail)
    UI_Display_RequestSuccess                0x08003651   Thumb Code    40  ui.o(i.UI_Display_RequestSuccess)
    UI_Display_Requesting                    0x08003691   Thumb Code    40  ui.o(i.UI_Display_Requesting)
    UI_Display_SliderModule                  0x080036d1   Thumb Code   332  ui.o(i.UI_Display_SliderModule)
    UI_Display_SwitchModule                  0x0800383d   Thumb Code   106  ui.o(i.UI_Display_SwitchModule)
    UI_Display_TipsFail                      0x080038b1   Thumb Code    40  ui.o(i.UI_Display_TipsFail)
    UI_Display_TipsInto                      0x080038e5   Thumb Code    40  ui.o(i.UI_Display_TipsInto)
    UI_Display_UpdateFail                    0x08003921   Thumb Code    40  ui.o(i.UI_Display_UpdateFail)
    UI_Display_UpdateSuccess                 0x0800395d   Thumb Code    40  ui.o(i.UI_Display_UpdateSuccess)
    UI_Display_Uploading                     0x08003999   Thumb Code    40  ui.o(i.UI_Display_Uploading)
    UI_Display_ViewModule                    0x080039d9   Thumb Code    94  ui.o(i.UI_Display_ViewModule)
    UI_InitPro                               0x08003a51   Thumb Code    62  ui.o(i.UI_InitPro)
    USART1_Clear_RecBuffer                   0x08003ab9   Thumb Code    10  usart.o(i.USART1_Clear_RecBuffer)
    USART1_IRQHandler                        0x08003ac9   Thumb Code    50  usart.o(i.USART1_IRQHandler)
    USART1_Init                              0x08003b09   Thumb Code   112  usart.o(i.USART1_Init)
    USART1_RecState                          0x08003b7d   Thumb Code    32  usart.o(i.USART1_RecState)
    USART1_SendByte                          0x08003ba1   Thumb Code    26  usart.o(i.USART1_SendByte)
    USART1_SendString                        0x08003bc1   Thumb Code    24  usart.o(i.USART1_SendString)
    USART3_Clear_RecBuffer                   0x08003bd9   Thumb Code    10  usart.o(i.USART3_Clear_RecBuffer)
    USART3_IRQHandler                        0x08003be9   Thumb Code    50  usart.o(i.USART3_IRQHandler)
    USART3_Init                              0x08003c29   Thumb Code   112  usart.o(i.USART3_Init)
    USART3_RecState                          0x08003c9d   Thumb Code    32  usart.o(i.USART3_RecState)
    USART3_SendByte                          0x08003cc1   Thumb Code    26  usart.o(i.USART3_SendByte)
    USART3_SendString                        0x08003ce1   Thumb Code    24  usart.o(i.USART3_SendString)
    USART_ClearFlag                          0x08003cf9   Thumb Code     6  stm32f10x_usart.o(i.USART_ClearFlag)
    USART_ClearITPendingBit                  0x08003cff   Thumb Code    12  stm32f10x_usart.o(i.USART_ClearITPendingBit)
    USART_Cmd                                0x08003d0b   Thumb Code    20  stm32f10x_usart.o(i.USART_Cmd)
    USART_GetFlagStatus                      0x08003d1f   Thumb Code    14  stm32f10x_usart.o(i.USART_GetFlagStatus)
    USART_GetITStatus                        0x08003d2d   Thumb Code    62  stm32f10x_usart.o(i.USART_GetITStatus)
    USART_ITConfig                           0x08003d6b   Thumb Code    48  stm32f10x_usart.o(i.USART_ITConfig)
    USART_Init                               0x08003d9d   Thumb Code   166  stm32f10x_usart.o(i.USART_Init)
    USART_InitPro                            0x08003e49   Thumb Code    26  usart.o(i.USART_InitPro)
    USART_SendData                           0x08003eb5   Thumb Code     8  stm32f10x_usart.o(i.USART_SendData)
    USART_SendString_Wireless                0x08003ebd   Thumb Code     4  usart.o(i.USART_SendString_Wireless)
    Update_ChangeRequest                     0x08003ec1   Thumb Code    38  update.o(i.Update_ChangeRequest)
    Update_Currency                          0x08003eed   Thumb Code   124  update.o(i.Update_Currency)
    Update_SliderModule                      0x08003f79   Thumb Code    92  update.o(i.Update_SliderModule)
    Update_SwitchModule                      0x08003fed   Thumb Code    80  update.o(i.Update_SwitchModule)
    UsageFault_Handler                       0x0800404d   Thumb Code     2  stm32f10x_it.o(i.UsageFault_Handler)
    __kernel_poly                            0x0800404f   Thumb Code   170  poly.o(i.__kernel_poly)
    __mathlib_dbl_divzero                    0x080040f9   Thumb Code    12  dunder.o(i.__mathlib_dbl_divzero)
    __mathlib_dbl_infnan                     0x08004109   Thumb Code     6  dunder.o(i.__mathlib_dbl_infnan)
    __mathlib_dbl_invalid                    0x0800410f   Thumb Code    12  dunder.o(i.__mathlib_dbl_invalid)
    _is_digit                                0x0800411b   Thumb Code    14  __printf_wp.o(i._is_digit)
    digitLength                              0x08004129   Thumb Code    36  ui.o(i.digitLength)
    floor                                    0x0800414d   Thumb Code   204  floor.o(i.floor)
    log                                      0x08004229   Thumb Code   808  log.o(i.log)
    log10                                    0x08004585   Thumb Code   198  log10.o(i.log10)
    main                                     0x08004669   Thumb Code    34  main.o(i.main)
    pvPortMalloc                             0x080049d5   Thumb Code   146  heap_4.o(i.pvPortMalloc)
    pxPortInitialiseStack                    0x08004a6d   Thumb Code    32  port.o(i.pxPortInitialiseStack)
    uxListRemove                             0x08004a91   Thumb Code    38  list.o(i.uxListRemove)
    vListInitialise                          0x08004ab7   Thumb Code    22  list.o(i.vListInitialise)
    vListInitialiseItem                      0x08004acd   Thumb Code     6  list.o(i.vListInitialiseItem)
    vListInsert                              0x08004ad3   Thumb Code    48  list.o(i.vListInsert)
    vListInsertEnd                           0x08004b03   Thumb Code    24  list.o(i.vListInsertEnd)
    vPortEnterCritical                       0x08004b1d   Thumb Code    24  port.o(i.vPortEnterCritical)
    vPortExitCritical                        0x08004b39   Thumb Code    16  port.o(i.vPortExitCritical)
    vPortFree                                0x08004b4d   Thumb Code    64  heap_4.o(i.vPortFree)
    vPortSetupTimerInterrupt                 0x08004b91   Thumb Code    20  port.o(i.vPortSetupTimerInterrupt)
    vTaskDelay                               0x08004ba9   Thumb Code    44  tasks.o(i.vTaskDelay)
    vTaskDelete                              0x08004bd9   Thumb Code   144  tasks.o(i.vTaskDelete)
    vTaskResume                              0x08004c75   Thumb Code   136  tasks.o(i.vTaskResume)
    vTaskStartScheduler                      0x08004d09   Thumb Code    64  tasks.o(i.vTaskStartScheduler)
    vTaskSuspend                             0x08004d59   Thumb Code   164  tasks.o(i.vTaskSuspend)
    vTaskSuspendAll                          0x08004e09   Thumb Code    10  tasks.o(i.vTaskSuspendAll)
    vTaskSwitchContext                       0x08004e19   Thumb Code    60  tasks.o(i.vTaskSwitchContext)
    xPortGetFreeHeapSize                     0x08004e5d   Thumb Code     6  heap_4.o(i.xPortGetFreeHeapSize)
    xPortStartScheduler                      0x08004e69   Thumb Code    38  port.o(i.xPortStartScheduler)
    xTaskCreate                              0x08004e99   Thumb Code    92  tasks.o(i.xTaskCreate)
    xTaskIncrementTick                       0x08004ef5   Thumb Code   264  tasks.o(i.xTaskIncrementTick)
    xTaskResumeAll                           0x08005005   Thumb Code   264  tasks.o(i.xTaskResumeAll)
    _get_lc_ctype                            0x08005119   Thumb Code    44  lc_ctype_c.o(locale$$code)
    __aeabi_dadd                             0x08005145   Thumb Code     0  daddsub_clz.o(x$fpl$dadd)
    _dadd                                    0x08005145   Thumb Code   332  daddsub_clz.o(x$fpl$dadd)
    __fpl_dcheck_NaN1                        0x08005295   Thumb Code    10  dcheck1.o(x$fpl$dcheck1)
    __fpl_dcmp_Inf                           0x080052a5   Thumb Code    24  dcmpi.o(x$fpl$dcmpinf)
    __aeabi_ddiv                             0x080052bd   Thumb Code     0  ddiv.o(x$fpl$ddiv)
    _ddiv                                    0x080052bd   Thumb Code   552  ddiv.o(x$fpl$ddiv)
    __aeabi_cdcmpeq                          0x0800556d   Thumb Code     0  deqf.o(x$fpl$deqf)
    _dcmpeq                                  0x0800556d   Thumb Code   120  deqf.o(x$fpl$deqf)
    __aeabi_d2iz                             0x080055e5   Thumb Code     0  dfix.o(x$fpl$dfix)
    _dfix                                    0x080055e5   Thumb Code    94  dfix.o(x$fpl$dfix)
    __aeabi_d2uiz                            0x08005645   Thumb Code     0  dfixu.o(x$fpl$dfixu)
    _dfixu                                   0x08005645   Thumb Code    90  dfixu.o(x$fpl$dfixu)
    __aeabi_i2d                              0x0800569f   Thumb Code     0  dflt_clz.o(x$fpl$dflt)
    _dflt                                    0x0800569f   Thumb Code    46  dflt_clz.o(x$fpl$dflt)
    __aeabi_cdcmple                          0x080056cd   Thumb Code     0  dleqf.o(x$fpl$dleqf)
    _dcmple                                  0x080056cd   Thumb Code   120  dleqf.o(x$fpl$dleqf)
    __fpl_dcmple_InfNaN                      0x0800572f   Thumb Code     0  dleqf.o(x$fpl$dleqf)
    __aeabi_dmul                             0x08005745   Thumb Code     0  dmul.o(x$fpl$dmul)
    _dmul                                    0x08005745   Thumb Code   332  dmul.o(x$fpl$dmul)
    __fpl_dnaninf                            0x08005899   Thumb Code   156  dnaninf.o(x$fpl$dnaninf)
    __fpl_dretinf                            0x08005935   Thumb Code    12  dretinf.o(x$fpl$dretinf)
    __aeabi_cdrcmple                         0x08005941   Thumb Code     0  drleqf.o(x$fpl$drleqf)
    _drcmple                                 0x08005941   Thumb Code   108  drleqf.o(x$fpl$drleqf)
    __aeabi_drsub                            0x080059ad   Thumb Code     0  daddsub_clz.o(x$fpl$drsb)
    _drsb                                    0x080059ad   Thumb Code    22  daddsub_clz.o(x$fpl$drsb)
    __aeabi_dsub                             0x080059c5   Thumb Code     0  daddsub_clz.o(x$fpl$dsub)
    _dsub                                    0x080059c5   Thumb Code   464  daddsub_clz.o(x$fpl$dsub)
    __aeabi_f2d                              0x08005b99   Thumb Code     0  f2d.o(x$fpl$f2d)
    _f2d                                     0x08005b99   Thumb Code    86  f2d.o(x$fpl$f2d)
    __aeabi_fdiv                             0x08005bf1   Thumb Code     0  fdiv.o(x$fpl$fdiv)
    _fdiv                                    0x08005bf1   Thumb Code   384  fdiv.o(x$fpl$fdiv)
    __aeabi_i2f                              0x08005d75   Thumb Code     0  fflt_clz.o(x$fpl$fflt)
    _fflt                                    0x08005d75   Thumb Code    48  fflt_clz.o(x$fpl$fflt)
    __fpl_fnaninf                            0x08005da5   Thumb Code   140  fnaninf.o(x$fpl$fnaninf)
    __fpl_fretinf                            0x08005e31   Thumb Code    10  fretinf.o(x$fpl$fretinf)
    __fpl_return_NaN                         0x08005e3b   Thumb Code   100  retnan.o(x$fpl$retnan)
    __ARM_scalbn                             0x08005e9f   Thumb Code    92  scalbn.o(x$fpl$scalbn)
    __fpl_cmpreturn                          0x08005efb   Thumb Code    48  trapv.o(x$fpl$trapveneer)
    OLED_F8x16                               0x08005f2a   Data        1520  oled_data.o(.constdata)
    __I$use$fp                               0x08005f2a   Number         0  usenofp.o(x$fpl$usenofp)
    OLED_F6x8                                0x0800651a   Data         570  oled_data.o(.constdata)
    OLEDData_Icon_Welcome                    0x08006754   Data         175  oled_data.o(.constdata)
    OLEDData_Icon_LEDfront                   0x08006803   Data          60  oled_data.o(.constdata)
    OLEDData_Icon_LEDbottom                  0x0800683f   Data          60  oled_data.o(.constdata)
    OLEDData_Icon_UltraSound                 0x0800687b   Data          60  oled_data.o(.constdata)
    OLEDData_Icon_Speed                      0x080068b7   Data          60  oled_data.o(.constdata)
    OLEDData_Icon_Cruise                     0x080068f3   Data          60  oled_data.o(.constdata)
    OLEDData_Icon_Display                    0x0800692f   Data          60  oled_data.o(.constdata)
    OLEDData_Icon_Brightness                 0x0800696b   Data          60  oled_data.o(.constdata)
    OLEDData_Icon_DirLR                      0x080069a7   Data          60  oled_data.o(.constdata)
    OLEDData_Icon_DirTB                      0x080069e3   Data          60  oled_data.o(.constdata)
    OLEDData_Icon_FreeHeap                   0x08006a1f   Data          60  oled_data.o(.constdata)
    OLEDData_Icon_Manual                     0x08006a5b   Data          60  oled_data.o(.constdata)
    OLEDData_Icon_Home_System                0x08006a97   Data         400  oled_data.o(.constdata)
    OLEDData_Icon_Home_Light                 0x08006c27   Data         400  oled_data.o(.constdata)
    OLEDData_Icon_Home_Sensor                0x08006db7   Data         400  oled_data.o(.constdata)
    OLEDData_Icon_Home_Cruise                0x08006f47   Data         400  oled_data.o(.constdata)
    OLEDData_Icon_Home_Normal                0x080070d7   Data         400  oled_data.o(.constdata)
    OLEDData_Icon_Request                    0x08007267   Data         200  oled_data.o(.constdata)
    OLEDData_Icon_RequestSuccess             0x0800732f   Data         200  oled_data.o(.constdata)
    OLEDData_Icon_RequestFail                0x080073f7   Data         200  oled_data.o(.constdata)
    OLEDData_ManualCorner                    0x080074bf   Data           6  oled_data.o(.constdata)
    OLEDData_ManualLeft                      0x080074c5   Data          60  oled_data.o(.constdata)
    OLEDData_ManualRitght                    0x08007501   Data          60  oled_data.o(.constdata)
    OLEDData_ManualFront                     0x0800753d   Data          60  oled_data.o(.constdata)
    OLEDData_ManualRear                      0x08007579   Data          60  oled_data.o(.constdata)
    OLEDData_Exit                            0x080075b5   Data         200  oled_data.o(.constdata)
    OLEDData_Into                            0x0800767d   Data         200  oled_data.o(.constdata)
    __mathlib_zero                           0x080077b0   Data           8  qnan.o(.constdata)
    Region$$Table$$Base                      0x080077b8   Number         0  anon$$obj.o(Region$$Table)
    Region$$Table$$Limit                     0x080077d8   Number         0  anon$$obj.o(Region$$Table)
    __ctype                                  0x080077e5   Data           0  lc_ctype_c.o(locale$$data)
    TIM3_CountFinish                         0x20000014   Data           1  tim.o(.data)
    TIM3_CNT                                 0x20000016   Data           2  tim.o(.data)
    USART1_Intrrupt_CNT                      0x20000018   Data           1  usart.o(.data)
    USART1_Intrrupt_LastCNT                  0x20000019   Data           1  usart.o(.data)
    USART1_RecFlag                           0x2000001a   Data           1  usart.o(.data)
    USART3_Intrrupt_CNT                      0x2000001b   Data           1  usart.o(.data)
    USART3_Intrrupt_LastCNT                  0x2000001c   Data           1  usart.o(.data)
    USART3_RecFlag                           0x2000001d   Data           1  usart.o(.data)
    KEY1_State                               0x2000001e   Data           1  key.o(.data)
    KEY2_State                               0x2000001f   Data           1  key.o(.data)
    KEY3_State                               0x20000020   Data           1  key.o(.data)
    KEY4_State                               0x20000021   Data           1  key.o(.data)
    TASK1_Handler                            0x20000024   Data           4  mytask.o(.data)
    TASK2_Handler                            0x20000028   Data           4  mytask.o(.data)
    TASK3_Handler                            0x2000002c   Data           4  mytask.o(.data)
    TASK4_Handler                            0x20000030   Data           4  mytask.o(.data)
    TASK5_Handler                            0x20000034   Data           4  mytask.o(.data)
    TASK6_Handler                            0x20000038   Data           4  mytask.o(.data)
    TASK7_Handler                            0x2000003c   Data           4  mytask.o(.data)
    TASK8_Handler                            0x20000040   Data           4  mytask.o(.data)
    TASK9_Handler                            0x20000044   Data           4  mytask.o(.data)
    TASK10_Handler                           0x20000048   Data           4  mytask.o(.data)
    TASK11_Handler                           0x2000004c   Data           4  mytask.o(.data)
    TASK12_Handler                           0x20000050   Data           4  mytask.o(.data)
    TASK13_Handler                           0x20000054   Data           4  mytask.o(.data)
    TASK14_Handler                           0x20000058   Data           4  mytask.o(.data)
    TASK15_Handler                           0x2000005c   Data           4  mytask.o(.data)
    TASK_START_Handler                       0x20000060   Data           4  mytask.o(.data)
    State_LedFront                           0x20000064   Data           1  menu.o(.data)
    State_LEDRear                            0x20000065   Data           1  menu.o(.data)
    State_UltraSound                         0x20000066   Data           1  menu.o(.data)
    State_CruiseState                        0x20000067   Data           1  menu.o(.data)
    State_OLEDMode                           0x20000068   Data           1  menu.o(.data)
    State_OLEDDirection_LR                   0x20000069   Data           1  menu.o(.data)
    State_OLEDDirection_TB                   0x2000006a   Data           1  menu.o(.data)
    Menu_MaxItem_Home                        0x2000006b   Data           1  menu.o(.data)
    Menu_MaxItem_Light                       0x2000006c   Data           1  menu.o(.data)
    Menu_MaxItem_Sensor                      0x2000006d   Data           1  menu.o(.data)
    Menu_MaxItem_Cruise                      0x2000006e   Data           1  menu.o(.data)
    Menu_MaxItem_System                      0x2000006f   Data           1  menu.o(.data)
    Menu_MaxItem_Normal                      0x20000070   Data           1  menu.o(.data)
    Description_UltraSound                   0x20000071   Data           3  menu.o(.data)
    Value_UltraSound_Distance                0x20000074   Data           4  menu.o(.data)
    Value_Cruise_NowSpeed                    0x20000078   Data           4  menu.o(.data)
    Value_Cruise_MaxSpeed                    0x2000007c   Data           4  menu.o(.data)
    Value_Cruise_MiniSpeed                   0x20000080   Data           4  menu.o(.data)
    Value_OLED_NowBrightness                 0x20000084   Data           4  menu.o(.data)
    Value_OLED_MaxBrightness                 0x20000088   Data           4  menu.o(.data)
    Value_OLED_MiniBrightness                0x2000008c   Data           4  menu.o(.data)
    Value_FreeHeap                           0x20000090   Data           4  menu.o(.data)
    Menu_Head_Home                           0x20000094   Data           4  menu.o(.data)
    Menu_Head_Light                          0x20000098   Data           4  menu.o(.data)
    Menu_Head_Sensor                         0x2000009c   Data           4  menu.o(.data)
    Menu_Head_Cruise                         0x200000a0   Data           4  menu.o(.data)
    Menu_Head_System                         0x200000a4   Data           4  menu.o(.data)
    Menu_Head_Normal                         0x200000a8   Data           4  menu.o(.data)
    Unit_Cruise_Speed                        0x200000ac   Data           5  menu.o(.data)
    Unit_OLED_BrightnessGear                 0x200000b1   Data           5  menu.o(.data)
    Description_FreeHeap                     0x200000b6   Data           5  menu.o(.data)
    Menu_Title_Light                         0x200000bb   Data           6  menu.o(.data)
    Name_OLEDDirection_LR                    0x200000c1   Data           7  menu.o(.data)
    Name_OLEDDirection_TB                    0x200000c8   Data           7  menu.o(.data)
    Name_Manual                              0x200000cf   Data           7  menu.o(.data)
    Menu_Title_System                        0x200000d6   Data           7  menu.o(.data)
    Menu_Title_Sensor                        0x200000dd   Data           7  menu.o(.data)
    Menu_Title_Cruise                        0x200000e4   Data           7  menu.o(.data)
    Menu_Title_Normal                        0x200000eb   Data           7  menu.o(.data)
    Name_LEDRear                             0x200000f2   Data           8  menu.o(.data)
    Name_OLEDMode                            0x200000fa   Data           8  menu.o(.data)
    Name_LEDFront                            0x20000102   Data           9  menu.o(.data)
    Name_UltraSound                          0x2000010b   Data          11  menu.o(.data)
    Name_CruiseSpeed                         0x20000116   Data          10  menu.o(.data)
    Name_CruiseState                         0x20000120   Data          10  menu.o(.data)
    Name_OLEDBrightness                      0x2000012a   Data          11  menu.o(.data)
    Name_FreeHeap                            0x20000135   Data           9  menu.o(.data)
    POST_String                              0x2000013e   Data           6  post.o(.data)
    Build_CNT_HomeItem                       0x20000144   Data           1  build.o(.data)
    Build_CNT_MenuItem                       0x20000145   Data           1  build.o(.data)
    Build_CNT_SliderModule                   0x20000146   Data           1  build.o(.data)
    Build_NowPage                            0x20000147   Data           1  build.o(.data)
    Build_NowHomeItem                        0x20000148   Data           4  build.o(.data)
    Build_NowMenuItem                        0x2000014c   Data           4  build.o(.data)
    Update_String                            0x20000150   Data           8  update.o(.data)
    Manual_State_Left                        0x20000158   Data           1  manual.o(.data)
    Manual_State_Right                       0x20000159   Data           1  manual.o(.data)
    Manual_State_Front                       0x2000015a   Data           1  manual.o(.data)
    Manual_State_Rear                        0x2000015b   Data           1  manual.o(.data)
    Manual_Init_Flag                         0x2000015c   Data           1  manual.o(.data)
    Manual_UpdateToCar_Flag                  0x2000015d   Data           1  manual.o(.data)
    Manual_CheckSuccess                      0x2000015e   Data           3  manual.o(.data)
    Manual_Name                              0x20000161   Data           7  manual.o(.data)
    Manual_State_ON                          0x20000168   Data           4  manual.o(.data)
    Manual_State_OFF                         0x2000016c   Data           5  manual.o(.data)
    pxCurrentTCB                             0x20000174   Data           4  tasks.o(.data)
    uxTopUsedPriority                        0x200001a4   Data           4  tasks.o(.data)
    USART1_RecBuffer                         0x200001d4   Data        1024  usart.o(.bss)
    USART3_RecBuffer                         0x200005d4   Data        1024  usart.o(.bss)
    FlashData                                0x200009d4   Data        1024  flash.o(.bss)
    OLED_DisplayBuf                          0x20000dd4   Data        1024  oled.o(.bss)
    __libspace_start                         0x20003a9c   Data          96  libspace.o(.bss)
    __temporary_stack_top$libspace           0x20003afc   Data           0  libspace.o(.bss)



==============================================================================

Memory Map of the image

  Image Entry point : 0x080000ed

  Load Region LR_IROM1 (Base: 0x08000000, Size: 0x00007abc, Max: 0x00010000, ABSOLUTE, COMPRESSED[0x000079b4])

    Execution Region ER_IROM1 (Exec base: 0x08000000, Load base: 0x08000000, Size: 0x000078e8, Max: 0x00010000, ABSOLUTE)

    Exec Addr    Load Addr    Size         Type   Attr      Idx    E Section Name        Object

    0x08000000   0x08000000   0x000000ec   Data   RO            3    RESET               startup_stm32f10x_md.o
    0x080000ec   0x080000ec   0x00000008   Code   RO         5843  * !!!main             c_w.l(__main.o)
    0x080000f4   0x080000f4   0x00000034   Code   RO         6338    !!!scatter          c_w.l(__scatter.o)
    0x08000128   0x08000128   0x0000005a   Code   RO         6336    !!dczerorl2         c_w.l(__dczerorl2.o)
    0x08000182   0x08000182   0x00000002   PAD
    0x08000184   0x08000184   0x0000001c   Code   RO         6340    !!handler_zi        c_w.l(__scatter_zi.o)
    0x080001a0   0x080001a0   0x00000000   Code   RO         5820    .ARM.Collect$$_printf_percent$$00000000  c_w.l(_printf_percent.o)
    0x080001a0   0x080001a0   0x00000006   Code   RO         5819    .ARM.Collect$$_printf_percent$$00000009  c_w.l(_printf_d.o)
    0x080001a6   0x080001a6   0x00000004   Code   RO         6018    .ARM.Collect$$_printf_percent$$00000017  c_w.l(_printf_percent_end.o)
    0x080001aa   0x080001aa   0x00000002   Code   RO         6267    .ARM.Collect$$libinit$$00000000  c_w.l(libinit.o)
    0x080001ac   0x080001ac   0x00000000   Code   RO         6035    .ARM.Collect$$libinit$$00000002  c_w.l(libinit2.o)
    0x080001ac   0x080001ac   0x00000000   Code   RO         6037    .ARM.Collect$$libinit$$00000004  c_w.l(libinit2.o)
    0x080001ac   0x080001ac   0x00000008   Code   RO         6038    .ARM.Collect$$libinit$$00000005  c_w.l(libinit2.o)
    0x080001b4   0x080001b4   0x00000000   Code   RO         6040    .ARM.Collect$$libinit$$0000000A  c_w.l(libinit2.o)
    0x080001b4   0x080001b4   0x00000000   Code   RO         6042    .ARM.Collect$$libinit$$0000000C  c_w.l(libinit2.o)
    0x080001b4   0x080001b4   0x00000000   Code   RO         6044    .ARM.Collect$$libinit$$0000000E  c_w.l(libinit2.o)
    0x080001b4   0x080001b4   0x00000006   Code   RO         6045    .ARM.Collect$$libinit$$0000000F  c_w.l(libinit2.o)
    0x080001ba   0x080001ba   0x00000000   Code   RO         6047    .ARM.Collect$$libinit$$00000011  c_w.l(libinit2.o)
    0x080001ba   0x080001ba   0x0000000c   Code   RO         6048    .ARM.Collect$$libinit$$00000012  c_w.l(libinit2.o)
    0x080001c6   0x080001c6   0x00000000   Code   RO         6049    .ARM.Collect$$libinit$$00000013  c_w.l(libinit2.o)
    0x080001c6   0x080001c6   0x00000000   Code   RO         6051    .ARM.Collect$$libinit$$00000015  c_w.l(libinit2.o)
    0x080001c6   0x080001c6   0x00000000   Code   RO         6053    .ARM.Collect$$libinit$$00000017  c_w.l(libinit2.o)
    0x080001c6   0x080001c6   0x00000000   Code   RO         6055    .ARM.Collect$$libinit$$00000019  c_w.l(libinit2.o)
    0x080001c6   0x080001c6   0x00000000   Code   RO         6057    .ARM.Collect$$libinit$$0000001B  c_w.l(libinit2.o)
    0x080001c6   0x080001c6   0x00000000   Code   RO         6059    .ARM.Collect$$libinit$$0000001D  c_w.l(libinit2.o)
    0x080001c6   0x080001c6   0x00000000   Code   RO         6061    .ARM.Collect$$libinit$$0000001F  c_w.l(libinit2.o)
    0x080001c6   0x080001c6   0x00000000   Code   RO         6063    .ARM.Collect$$libinit$$00000021  c_w.l(libinit2.o)
    0x080001c6   0x080001c6   0x00000000   Code   RO         6065    .ARM.Collect$$libinit$$00000023  c_w.l(libinit2.o)
    0x080001c6   0x080001c6   0x00000000   Code   RO         6067    .ARM.Collect$$libinit$$00000025  c_w.l(libinit2.o)
    0x080001c6   0x080001c6   0x00000000   Code   RO         6071    .ARM.Collect$$libinit$$0000002C  c_w.l(libinit2.o)
    0x080001c6   0x080001c6   0x00000000   Code   RO         6073    .ARM.Collect$$libinit$$0000002E  c_w.l(libinit2.o)
    0x080001c6   0x080001c6   0x00000000   Code   RO         6075    .ARM.Collect$$libinit$$00000030  c_w.l(libinit2.o)
    0x080001c6   0x080001c6   0x00000000   Code   RO         6077    .ARM.Collect$$libinit$$00000032  c_w.l(libinit2.o)
    0x080001c6   0x080001c6   0x00000002   Code   RO         6078    .ARM.Collect$$libinit$$00000033  c_w.l(libinit2.o)
    0x080001c8   0x080001c8   0x00000002   Code   RO         6333    .ARM.Collect$$libshutdown$$00000000  c_w.l(libshutdown.o)
    0x080001ca   0x080001ca   0x00000000   Code   RO         6285    .ARM.Collect$$libshutdown$$00000002  c_w.l(libshutdown2.o)
    0x080001ca   0x080001ca   0x00000000   Code   RO         6287    .ARM.Collect$$libshutdown$$00000004  c_w.l(libshutdown2.o)
    0x080001ca   0x080001ca   0x00000000   Code   RO         6289    .ARM.Collect$$libshutdown$$00000006  c_w.l(libshutdown2.o)
    0x080001ca   0x080001ca   0x00000000   Code   RO         6292    .ARM.Collect$$libshutdown$$00000009  c_w.l(libshutdown2.o)
    0x080001ca   0x080001ca   0x00000000   Code   RO         6295    .ARM.Collect$$libshutdown$$0000000C  c_w.l(libshutdown2.o)
    0x080001ca   0x080001ca   0x00000000   Code   RO         6297    .ARM.Collect$$libshutdown$$0000000E  c_w.l(libshutdown2.o)
    0x080001ca   0x080001ca   0x00000000   Code   RO         6300    .ARM.Collect$$libshutdown$$00000011  c_w.l(libshutdown2.o)
    0x080001ca   0x080001ca   0x00000002   Code   RO         6301    .ARM.Collect$$libshutdown$$00000012  c_w.l(libshutdown2.o)
    0x080001cc   0x080001cc   0x00000000   Code   RO         5919    .ARM.Collect$$rtentry$$00000000  c_w.l(__rtentry.o)
    0x080001cc   0x080001cc   0x00000000   Code   RO         6145    .ARM.Collect$$rtentry$$00000002  c_w.l(__rtentry2.o)
    0x080001cc   0x080001cc   0x00000006   Code   RO         6157    .ARM.Collect$$rtentry$$00000004  c_w.l(__rtentry4.o)
    0x080001d2   0x080001d2   0x00000000   Code   RO         6147    .ARM.Collect$$rtentry$$00000009  c_w.l(__rtentry2.o)
    0x080001d2   0x080001d2   0x00000004   Code   RO         6148    .ARM.Collect$$rtentry$$0000000A  c_w.l(__rtentry2.o)
    0x080001d6   0x080001d6   0x00000000   Code   RO         6150    .ARM.Collect$$rtentry$$0000000C  c_w.l(__rtentry2.o)
    0x080001d6   0x080001d6   0x00000008   Code   RO         6151    .ARM.Collect$$rtentry$$0000000D  c_w.l(__rtentry2.o)
    0x080001de   0x080001de   0x00000002   Code   RO         6274    .ARM.Collect$$rtexit$$00000000  c_w.l(rtexit.o)
    0x080001e0   0x080001e0   0x00000000   Code   RO         6307    .ARM.Collect$$rtexit$$00000002  c_w.l(rtexit2.o)
    0x080001e0   0x080001e0   0x00000004   Code   RO         6308    .ARM.Collect$$rtexit$$00000003  c_w.l(rtexit2.o)
    0x080001e4   0x080001e4   0x00000006   Code   RO         6309    .ARM.Collect$$rtexit$$00000004  c_w.l(rtexit2.o)
    0x080001ea   0x080001ea   0x00000002   PAD
    0x080001ec   0x080001ec   0x00000096   Code   RO         5656    .emb_text           port.o
    0x08000282   0x08000282   0x00000002   PAD
    0x08000284   0x08000284   0x00000000   Code   RO         6163    .emb_text           c_w.l(maybetermalloc1.o)
    0x08000284   0x08000284   0x00000040   Code   RO            4    .text               startup_stm32f10x_md.o
    0x080002c4   0x080002c4   0x0000005e   Code   RO         5731    .text               c_w.l(h1_alloc.o)
    0x08000322   0x08000322   0x00000002   PAD
    0x08000324   0x08000324   0x0000002c   Code   RO         5787    .text               c_w.l(__2sprintf.o)
    0x08000350   0x08000350   0x00000078   Code   RO         5797    .text               c_w.l(_printf_dec.o)
    0x080003c8   0x080003c8   0x00000188   Code   RO         5816    .text               c_w.l(__printf_flags_ss_wp.o)
    0x08000550   0x08000550   0x0000001a   Code   RO         5821    .text               c_w.l(atoi.o)
    0x0800056a   0x0800056a   0x00000014   Code   RO         5823    .text               c_w.l(strchr.o)
    0x0800057e   0x0800057e   0x00000024   Code   RO         5825    .text               c_w.l(strstr.o)
    0x080005a2   0x080005a2   0x00000018   Code   RO         5827    .text               c_w.l(strcat.o)
    0x080005ba   0x080005ba   0x00000010   Code   RO         5831    .text               c_w.l(aeabi_memset.o)
    0x080005ca   0x080005ca   0x00000044   Code   RO         5833    .text               c_w.l(rt_memclr.o)
    0x0800060e   0x0800060e   0x0000004e   Code   RO         5835    .text               c_w.l(rt_memclr_w.o)
    0x0800065c   0x0800065c   0x00000056   Code   RO         5837    .text               c_w.l(strncpy.o)
    0x080006b2   0x080006b2   0x00000002   PAD
    0x080006b4   0x080006b4   0x00000080   Code   RO         5839    .text               c_w.l(strcmpv7m.o)
    0x08000734   0x08000734   0x00000006   Code   RO         5841    .text               c_w.l(heapauxi.o)
    0x0800073a   0x0800073a   0x00000002   PAD
    0x0800073c   0x0800073c   0x00000008   Code   RO         5923    .text               c_w.l(rt_heap_descriptor_intlibspace.o)
    0x08000744   0x08000744   0x00000008   Code   RO         5928    .text               c_w.l(rt_errno_addr_intlibspace.o)
    0x0800074c   0x0800074c   0x00000004   Code   RO         5930    .text               c_w.l(hguard.o)
    0x08000750   0x08000750   0x0000008a   Code   RO         5932    .text               c_w.l(init_alloc.o)
    0x080007da   0x080007da   0x0000000e   Code   RO         5938    .text               c_w.l(h1_init.o)
    0x080007e8   0x080007e8   0x0000004e   Code   RO         5940    .text               c_w.l(h1_free.o)
    0x08000836   0x08000836   0x00000016   Code   RO         5956    .text               c_w.l(_rserrno.o)
    0x0800084c   0x0800084c   0x000000b2   Code   RO         5964    .text               c_w.l(_printf_intcommon.o)
    0x080008fe   0x080008fe   0x00000002   PAD
    0x08000900   0x08000900   0x00000030   Code   RO         5968    .text               c_w.l(_printf_char_common.o)
    0x08000930   0x08000930   0x0000000a   Code   RO         5970    .text               c_w.l(_sputc.o)
    0x0800093a   0x0800093a   0x00000070   Code   RO         6028    .text               c_w.l(strtol.o)
    0x080009aa   0x080009aa   0x00000002   PAD
    0x080009ac   0x080009ac   0x00000008   Code   RO         6141    .text               c_w.l(libspace.o)
    0x080009b4   0x080009b4   0x00000010   Code   RO         6159    .text               c_w.l(rt_ctype_table.o)
    0x080009c4   0x080009c4   0x00000034   Code   RO         6165    .text               c_w.l(h1_extend.o)
    0x080009f8   0x080009f8   0x0000009e   Code   RO         6182    .text               c_w.l(_strtoul.o)
    0x08000a96   0x08000a96   0x0000000e   Code   RO         6186    .text               c_w.l(defsig_rtmem_outer.o)
    0x08000aa4   0x08000aa4   0x00000002   Code   RO         6203    .text               c_w.l(use_no_semi.o)
    0x08000aa6   0x08000aa6   0x00000000   Code   RO         6205    .text               c_w.l(indicate_semi.o)
    0x08000aa6   0x08000aa6   0x0000004a   Code   RO         6206    .text               c_w.l(sys_stackheap_outer.o)
    0x08000af0   0x08000af0   0x00000008   Code   RO         6213    .text               c_w.l(rt_locale_intlibspace.o)
    0x08000af8   0x08000af8   0x0000001c   Code   RO         6219    .text               c_w.l(_chval.o)
    0x08000b14   0x08000b14   0x00000012   Code   RO         6252    .text               c_w.l(exit.o)
    0x08000b26   0x08000b26   0x0000000a   Code   RO         6254    .text               c_w.l(defsig_exit.o)
    0x08000b30   0x08000b30   0x00000050   Code   RO         6256    .text               c_w.l(defsig_rtmem_inner.o)
    0x08000b80   0x08000b80   0x0000000c   Code   RO         6272    .text               c_w.l(sys_exit.o)
    0x08000b8c   0x08000b8c   0x00000032   Code   RO         6282    .text               c_w.l(defsig_general.o)
    0x08000bbe   0x08000bbe   0x0000000e   Code   RO         6304    .text               c_w.l(sys_wrch.o)
    0x08000bcc   0x08000bcc   0x0000004c   Code   RO         4511    i.Build_ControlPro  build.o
    0x08000c18   0x08000c18   0x0000000c   Code   RO         4512    i.Build_CustomControl  build.o
    0x08000c24   0x08000c24   0x00000020   Code   RO         4513    i.Build_HomeControl  build.o
    0x08000c44   0x08000c44   0x000000d0   Code   RO         4514    i.Build_HomeControl_KEYevent  build.o
    0x08000d14   0x08000d14   0x0000001c   Code   RO         4515    i.Build_InitPro     build.o
    0x08000d30   0x08000d30   0x0000000e   Code   RO         4516    i.Build_Limit       build.o
    0x08000d3e   0x08000d3e   0x00000002   PAD
    0x08000d40   0x08000d40   0x00000020   Code   RO         4517    i.Build_MenuControl  build.o
    0x08000d60   0x08000d60   0x000000d4   Code   RO         4518    i.Build_MenuControl_KEYevent  build.o
    0x08000e34   0x08000e34   0x0000000e   Code   RO         4519    i.Build_ModuleControl  build.o
    0x08000e42   0x08000e42   0x00000002   PAD
    0x08000e44   0x08000e44   0x00000024   Code   RO         4520    i.Build_ModuleControl_KEYevent  build.o
    0x08000e68   0x08000e68   0x00000030   Code   RO         4521    i.Build_ModuleControl_RealTime_Handle  build.o
    0x08000e98   0x08000e98   0x0000006c   Code   RO         4522    i.Build_ModuleControl_SelectDisplay  build.o
    0x08000f04   0x08000f04   0x000000c4   Code   RO         4523    i.Build_ModuleControl_Slider_KEYevent  build.o
    0x08000fc8   0x08000fc8   0x00000048   Code   RO         4524    i.Build_ModuleControl_Slider_KEYevent_KEY3  build.o
    0x08001010   0x08001010   0x00000048   Code   RO         4525    i.Build_ModuleControl_Slider_KEYevent_KEY4  build.o
    0x08001058   0x08001058   0x0000007c   Code   RO         4526    i.Build_ModuleControl_Switch_KEYevent  build.o
    0x080010d4   0x080010d4   0x00000068   Code   RO         4527    i.Build_ModuleControl_View_KEYevent  build.o
    0x0800113c   0x0800113c   0x00000040   Code   RO         4528    i.Build_PageSwitching  build.o
    0x0800117c   0x0800117c   0x0000006c   Code   RO         4529    i.Build_RequestControl  build.o
    0x080011e8   0x080011e8   0x00000028   Code   RO         4530    i.Build_RequestControl_Requesting  build.o
    0x08001210   0x08001210   0x00000020   Code   RO         4531    i.Build_RequestControl_SliderModule  build.o
    0x08001230   0x08001230   0x0000001c   Code   RO         4532    i.Build_RequestControl_SwitchModule  build.o
    0x0800124c   0x0800124c   0x0000001c   Code   RO         4533    i.Build_RequestControl_ViewModule  build.o
    0x08001268   0x08001268   0x00000054   Code   RO         4534    i.Build_RequestUpdateControl_KEYevent  build.o
    0x080012bc   0x080012bc   0x00000054   Code   RO         4535    i.Build_UpdateControl  build.o
    0x08001310   0x08001310   0x0000001c   Code   RO         4536    i.Build_UpdateControl_SliderModule  build.o
    0x0800132c   0x0800132c   0x0000001c   Code   RO         4537    i.Build_UpdateControl_SwitchModule  build.o
    0x08001348   0x08001348   0x00000028   Code   RO         4538    i.Build_UpdateControl_Uploading  build.o
    0x08001370   0x08001370   0x00000002   Code   RO         4848    i.BusFault_Handler  stm32f10x_it.o
    0x08001372   0x08001372   0x00000002   PAD
    0x08001374   0x08001374   0x00000048   Code   RO         3896    i.CC2530_Command    cc2530.o
    0x080013bc   0x080013bc   0x0000002a   Code   RO         3897    i.CC2530_CommandPRO  cc2530.o
    0x080013e6   0x080013e6   0x00000002   PAD
    0x080013e8   0x080013e8   0x0000003c   Code   RO         3898    i.CC2530_CommandSE  cc2530.o
    0x08001424   0x08001424   0x00000002   Code   RO         4849    i.DebugMon_Handler  stm32f10x_it.o
    0x08001426   0x08001426   0x00000002   PAD
    0x08001428   0x08001428   0x0000002c   Code   RO         3173    i.EXTI1_IRQHandler  gpio.o
    0x08001454   0x08001454   0x0000002c   Code   RO         3174    i.EXTI2_IRQHandler  gpio.o
    0x08001480   0x08001480   0x0000002c   Code   RO         3175    i.EXTI3_IRQHandler  gpio.o
    0x080014ac   0x080014ac   0x0000002c   Code   RO         3176    i.EXTI4_IRQHandler  gpio.o
    0x080014d8   0x080014d8   0x0000000c   Code   RO          980    i.EXTI_ClearITPendingBit  stm32f10x_exti.o
    0x080014e4   0x080014e4   0x00000020   Code   RO          984    i.EXTI_GetITStatus  stm32f10x_exti.o
    0x08001504   0x08001504   0x0000003c   Code   RO         1041    i.FLASH_ErasePage   stm32f10x_flash.o
    0x08001540   0x08001540   0x00000028   Code   RO         1042    i.FLASH_GetBank1Status  stm32f10x_flash.o
    0x08001568   0x08001568   0x00000010   Code   RO         1051    i.FLASH_Lock        stm32f10x_flash.o
    0x08001578   0x08001578   0x00000034   Code   RO         1054    i.FLASH_ProgramHalfWord  stm32f10x_flash.o
    0x080015ac   0x080015ac   0x00000018   Code   RO         1059    i.FLASH_Unlock      stm32f10x_flash.o
    0x080015c4   0x080015c4   0x00000022   Code   RO         1063    i.FLASH_WaitForLastOperation  stm32f10x_flash.o
    0x080015e6   0x080015e6   0x00000004   Code   RO         3450    i.FLash_InitPro     flash.o
    0x080015ea   0x080015ea   0x00000016   Code   RO         3451    i.Flash_ErasePage   flash.o
    0x08001600   0x08001600   0x00000018   Code   RO         3452    i.Flash_ReadBuffer  flash.o
    0x08001618   0x08001618   0x00000058   Code   RO         3454    i.Flash_RecoverData  flash.o
    0x08001670   0x08001670   0x0000005c   Code   RO         3455    i.Flash_SavaData    flash.o
    0x080016cc   0x080016cc   0x00000026   Code   RO         3456    i.Flash_WriteBuffer  flash.o
    0x080016f2   0x080016f2   0x0000001a   Code   RO         3457    i.Flash_WriteHalfWord  flash.o
    0x0800170c   0x0800170c   0x0000002c   Code   RO         3177    i.GPIO_IIC2_Init    gpio.o
    0x08001738   0x08001738   0x0000009c   Code   RO         1340    i.GPIO_Init         stm32f10x_gpio.o
    0x080017d4   0x080017d4   0x0000001a   Code   RO         3178    i.GPIO_InitPro      gpio.o
    0x080017ee   0x080017ee   0x00000002   PAD
    0x080017f0   0x080017f0   0x0000002c   Code   RO         3179    i.GPIO_KEY_Init     gpio.o
    0x0800181c   0x0800181c   0x00000030   Code   RO         3180    i.GPIO_LED_Init     gpio.o
    0x0800184c   0x0800184c   0x00000010   Code   RO         3181    i.GPIO_LED_OFF      gpio.o
    0x0800185c   0x0800185c   0x0000000e   Code   RO         1344    i.GPIO_ReadInputDataBit  stm32f10x_gpio.o
    0x0800186a   0x0800186a   0x00000002   PAD
    0x0800186c   0x0800186c   0x0000000c   Code   RO         3183    i.GPIO_RetState_KEY1  gpio.o
    0x08001878   0x08001878   0x0000000c   Code   RO         3184    i.GPIO_RetState_KEY2  gpio.o
    0x08001884   0x08001884   0x0000000c   Code   RO         3185    i.GPIO_RetState_KEY3  gpio.o
    0x08001890   0x08001890   0x0000000c   Code   RO         3186    i.GPIO_RetState_KEY4  gpio.o
    0x0800189c   0x0800189c   0x00000004   Code   RO         1348    i.GPIO_SetBits      stm32f10x_gpio.o
    0x080018a0   0x080018a0   0x00000048   Code   RO         3187    i.GPIO_USART1_Init  gpio.o
    0x080018e8   0x080018e8   0x00000048   Code   RO         3188    i.GPIO_USART3_Init  gpio.o
    0x08001930   0x08001930   0x0000000a   Code   RO         1351    i.GPIO_WriteBit     stm32f10x_gpio.o
    0x0800193a   0x0800193a   0x00000002   Code   RO         4850    i.HardFault_Handler  stm32f10x_it.o
    0x0800193c   0x0800193c   0x0000004c   Code   RO         3929    i.KEY1_Scanf        key.o
    0x08001988   0x08001988   0x0000004c   Code   RO         3930    i.KEY2_Scanf        key.o
    0x080019d4   0x080019d4   0x0000004c   Code   RO         3931    i.KEY3_Scanf        key.o
    0x08001a20   0x08001a20   0x0000004c   Code   RO         3932    i.KEY4_Scanf        key.o
    0x08001a6c   0x08001a6c   0x00000038   Code   RO         3934    i.KEY_KEYScanf_Disable  key.o
    0x08001aa4   0x08001aa4   0x00000038   Code   RO         3935    i.KEY_KEYScanf_Enable  key.o
    0x08001adc   0x08001adc   0x00000020   Code   RO         4773    i.Manual_ConnectToCat  manual.o
    0x08001afc   0x08001afc   0x00000040   Code   RO         4774    i.Manual_CustomFunction  manual.o
    0x08001b3c   0x08001b3c   0x00000020   Code   RO         4775    i.Manual_DisconnectToCat  manual.o
    0x08001b5c   0x08001b5c   0x00000058   Code   RO         4776    i.Manual_InitPro    manual.o
    0x08001bb4   0x08001bb4   0x0000000e   Code   RO         4777    i.Manual_KEYevent   manual.o
    0x08001bc2   0x08001bc2   0x00000002   PAD
    0x08001bc4   0x08001bc4   0x00000078   Code   RO         4778    i.Manual_KEYevent_Exit  manual.o
    0x08001c3c   0x08001c3c   0x00000024   Code   RO         4779    i.Manual_KEYevent_GetState_Turn  manual.o
    0x08001c60   0x08001c60   0x00000094   Code   RO         4780    i.Manual_TurnState_UpdateToCar  manual.o
    0x08001cf4   0x08001cf4   0x00000002   Code   RO         4851    i.MemManage_Handler  stm32f10x_it.o
    0x08001cf6   0x08001cf6   0x00000002   PAD
    0x08001cf8   0x08001cf8   0x0000007c   Code   RO         4261    i.Menu_CreateCruise  menu.o
    0x08001d74   0x08001d74   0x00000010   Code   RO         4262    i.Menu_CreateCustomItem  menu.o
    0x08001d84   0x08001d84   0x000000ac   Code   RO         4263    i.Menu_CreateHome   menu.o
    0x08001e30   0x08001e30   0x0000000c   Code   RO         4264    i.Menu_CreateHomeHead  menu.o
    0x08001e3c   0x08001e3c   0x00000022   Code   RO         4265    i.Menu_CreateHomeItem  menu.o
    0x08001e5e   0x08001e5e   0x00000030   Code   RO         4266    i.Menu_CreateItem   menu.o
    0x08001e8e   0x08001e8e   0x0000001e   Code   RO         4267    i.Menu_CreateItem_Init  menu.o
    0x08001eac   0x08001eac   0x00000050   Code   RO         4268    i.Menu_CreateLight  menu.o
    0x08001efc   0x08001efc   0x00000014   Code   RO         4269    i.Menu_CreateMenuHead  menu.o
    0x08001f10   0x08001f10   0x00000034   Code   RO         4270    i.Menu_CreateNormal  menu.o
    0x08001f44   0x08001f44   0x00000038   Code   RO         4271    i.Menu_CreateSensor  menu.o
    0x08001f7c   0x08001f7c   0x00000038   Code   RO         4272    i.Menu_CreateSliderItem  menu.o
    0x08001fb4   0x08001fb4   0x0000002a   Code   RO         4273    i.Menu_CreateSliderModule  menu.o
    0x08001fde   0x08001fde   0x00000026   Code   RO         4274    i.Menu_CreateSwitchItem  menu.o
    0x08002004   0x08002004   0x000000c0   Code   RO         4275    i.Menu_CreateSystem  menu.o
    0x080020c4   0x080020c4   0x00000030   Code   RO         4276    i.Menu_CreateViewItem  menu.o
    0x080020f4   0x080020f4   0x0000001a   Code   RO         4277    i.Menu_CreateViewModule  menu.o
    0x0800210e   0x0800210e   0x0000000c   Code   RO         4278    i.Menu_GetHomeEndItem  menu.o
    0x0800211a   0x0800211a   0x00000012   Code   RO         4279    i.Menu_GetHomeMaxItem  menu.o
    0x0800212c   0x0800212c   0x0000000c   Code   RO         4280    i.Menu_GetMenuEndItem  menu.o
    0x08002138   0x08002138   0x00000012   Code   RO         4281    i.Menu_GetMenuMaxItem  menu.o
    0x0800214a   0x0800214a   0x00000012   Code   RO         4282    i.Menu_Include_HomeItem  menu.o
    0x0800215c   0x0800215c   0x00000012   Code   RO         4283    i.Menu_Include_MenuItem  menu.o
    0x0800216e   0x0800216e   0x0000000e   Code   RO         4284    i.Menu_InitPro      menu.o
    0x0800217c   0x0800217c   0x0000003c   Code   RO         4286    i.Menu_MaxItem_Init  menu.o
    0x080021b8   0x080021b8   0x0000001c   Code   RO         4287    i.Menu_RetHomeItem  menu.o
    0x080021d4   0x080021d4   0x0000001c   Code   RO         4288    i.Menu_RetMenuItem  menu.o
    0x080021f0   0x080021f0   0x00000012   Code   RO         4289    i.Mneu_CreateSwitchModule  menu.o
    0x08002202   0x08002202   0x00000002   PAD
    0x08002204   0x08002204   0x00000010   Code   RO         4724    i.MySystem_GetFreeHeap  mysystem.o
    0x08002214   0x08002214   0x0000003c   Code   RO         4726    i.MySystem_OLED_Brightness  mysystem.o
    0x08002250   0x08002250   0x0000001c   Code   RO         4727    i.MySystem_OLED_DarkColor  mysystem.o
    0x0800226c   0x0800226c   0x0000001c   Code   RO         4728    i.MySystem_OLED_DirectionLR  mysystem.o
    0x08002288   0x08002288   0x0000001c   Code   RO         4729    i.MySystem_OLED_DirectionTB  mysystem.o
    0x080022a4   0x080022a4   0x00000016   Code   RO         4730    i.MySystem_OLED_Function  mysystem.o
    0x080022ba   0x080022ba   0x00000002   Code   RO         4852    i.NMI_Handler       stm32f10x_it.o
    0x080022bc   0x080022bc   0x00000064   Code   RO          132    i.NVIC_Init         misc.o
    0x08002320   0x08002320   0x00000014   Code   RO          133    i.NVIC_PriorityGroupConfig  misc.o
    0x08002334   0x08002334   0x00000028   Code   RO         3599    i.OLED_Clear        oled.o
    0x0800235c   0x0800235c   0x00000060   Code   RO         3600    i.OLED_ClearArea    oled.o
    0x080023bc   0x080023bc   0x00000028   Code   RO         3605    i.OLED_DrawPoint    oled.o
    0x080023e4   0x080023e4   0x00000072   Code   RO         3606    i.OLED_DrawRectangle  oled.o
    0x08002456   0x08002456   0x00000002   PAD
    0x08002458   0x08002458   0x0000005c   Code   RO         3608    i.OLED_GPIO_Init    oled.o
    0x080024b4   0x080024b4   0x0000003a   Code   RO         3610    i.OLED_I2C_SendByte  oled.o
    0x080024ee   0x080024ee   0x0000001e   Code   RO         3611    i.OLED_I2C_Start    oled.o
    0x0800250c   0x0800250c   0x00000018   Code   RO         3612    i.OLED_I2C_Stop     oled.o
    0x08002524   0x08002524   0x0000009c   Code   RO         3613    i.OLED_Init         oled.o
    0x080025c0   0x080025c0   0x0000000e   Code   RO         3615    i.OLED_Pow          oled.o
    0x080025ce   0x080025ce   0x00000022   Code   RO         3619    i.OLED_SetCursor    oled.o
    0x080025f0   0x080025f0   0x0000003c   Code   RO         3621    i.OLED_ShowChar     oled.o
    0x0800262c   0x0800262c   0x0000009c   Code   RO         3625    i.OLED_ShowImage    oled.o
    0x080026c8   0x080026c8   0x00000048   Code   RO         3626    i.OLED_ShowNum      oled.o
    0x08002710   0x08002710   0x0000005c   Code   RO         3627    i.OLED_ShowSignedNum  oled.o
    0x0800276c   0x0800276c   0x0000002c   Code   RO         3628    i.OLED_ShowString   oled.o
    0x08002798   0x08002798   0x00000034   Code   RO         3629    i.OLED_Update       oled.o
    0x080027cc   0x080027cc   0x00000010   Code   RO         3631    i.OLED_W_SCL        oled.o
    0x080027dc   0x080027dc   0x00000010   Code   RO         3632    i.OLED_W_SDA        oled.o
    0x080027ec   0x080027ec   0x00000022   Code   RO         3633    i.OLED_WriteCommand  oled.o
    0x0800280e   0x0800280e   0x00000030   Code   RO         3634    i.OLED_WriteData    oled.o
    0x0800283e   0x0800283e   0x00000002   PAD
    0x08002840   0x08002840   0x0000002c   Code   RO         4439    i.POST_ChangeRequest  post.o
    0x0800286c   0x0800286c   0x0000008c   Code   RO         4440    i.POST_Currency     post.o
    0x080028f8   0x080028f8   0x0000006c   Code   RO         4442    i.POST_SliderModule  post.o
    0x08002964   0x08002964   0x000000c8   Code   RO         4443    i.POST_SliderModule_GetData  post.o
    0x08002a2c   0x08002a2c   0x00000064   Code   RO         4444    i.POST_SwitchModule  post.o
    0x08002a90   0x08002a90   0x0000002e   Code   RO         4445    i.POST_SwitchModule_GetState  post.o
    0x08002abe   0x08002abe   0x00000002   PAD
    0x08002ac0   0x08002ac0   0x00000064   Code   RO         4446    i.POST_ViewModule   post.o
    0x08002b24   0x08002b24   0x00000030   Code   RO         4447    i.POST_ViewModule_GetValue  post.o
    0x08002b54   0x08002b54   0x00000018   Code   RO         1768    i.RCC_APB1PeriphClockCmd  stm32f10x_rcc.o
    0x08002b6c   0x08002b6c   0x00000018   Code   RO         1770    i.RCC_APB2PeriphClockCmd  stm32f10x_rcc.o
    0x08002b84   0x08002b84   0x00000094   Code   RO         1778    i.RCC_GetClocksFreq  stm32f10x_rcc.o
    0x08002c18   0x08002c18   0x000000a8   Code   RO           24    i.SetSysClockTo72   system_stm32f10x.o
    0x08002cc0   0x08002cc0   0x0000002c   Code   RO         5657    i.SysTick_Handler   port.o
    0x08002cec   0x08002cec   0x00000050   Code   RO           26    i.SystemInit        system_stm32f10x.o
    0x08002d3c   0x08002d3c   0x00000006   Code   RO         4002    i.TASK1             mytask.o
    0x08002d42   0x08002d42   0x00000002   Code   RO         4003    i.TASK10            mytask.o
    0x08002d44   0x08002d44   0x00000002   Code   RO         4004    i.TASK11            mytask.o
    0x08002d46   0x08002d46   0x00000002   Code   RO         4005    i.TASK12            mytask.o
    0x08002d48   0x08002d48   0x0000000a   Code   RO         4006    i.TASK13            mytask.o
    0x08002d52   0x08002d52   0x00000014   Code   RO         4007    i.TASK14            mytask.o
    0x08002d66   0x08002d66   0x0000000c   Code   RO         4008    i.TASK15            mytask.o
    0x08002d72   0x08002d72   0x00000006   Code   RO         4009    i.TASK2             mytask.o
    0x08002d78   0x08002d78   0x00000006   Code   RO         4010    i.TASK3             mytask.o
    0x08002d7e   0x08002d7e   0x00000006   Code   RO         4011    i.TASK4             mytask.o
    0x08002d84   0x08002d84   0x00000010   Code   RO         4012    i.TASK5             mytask.o
    0x08002d94   0x08002d94   0x00000018   Code   RO         4013    i.TASK6             mytask.o
    0x08002dac   0x08002dac   0x00000010   Code   RO         4014    i.TASK7             mytask.o
    0x08002dbc   0x08002dbc   0x00000002   Code   RO         4015    i.TASK8             mytask.o
    0x08002dbe   0x08002dbe   0x00000002   Code   RO         4016    i.TASK9             mytask.o
    0x08002dc0   0x08002dc0   0x0000003c   Code   RO         4017    i.TASK_InitPro      mytask.o
    0x08002dfc   0x08002dfc   0x00000036   Code   RO         4122    i.TIM2_Delay_ms     delay.o
    0x08002e32   0x08002e32   0x00000046   Code   RO         3283    i.TIM2_Init         tim.o
    0x08002e78   0x08002e78   0x0000004c   Code   RO         3284    i.TIM3_IRQHandler   tim.o
    0x08002ec4   0x08002ec4   0x00000070   Code   RO         3285    i.TIM3_Init         tim.o
    0x08002f34   0x08002f34   0x00000006   Code   RO         2405    i.TIM_ClearFlag     stm32f10x_tim.o
    0x08002f3a   0x08002f3a   0x00000006   Code   RO         2406    i.TIM_ClearITPendingBit  stm32f10x_tim.o
    0x08002f40   0x08002f40   0x00000014   Code   RO         2411    i.TIM_Cmd           stm32f10x_tim.o
    0x08002f54   0x08002f54   0x00000004   Code   RO         2430    i.TIM_GetCounter    stm32f10x_tim.o
    0x08002f58   0x08002f58   0x00000018   Code   RO         2432    i.TIM_GetITStatus   stm32f10x_tim.o
    0x08002f70   0x08002f70   0x00000010   Code   RO         2436    i.TIM_ITConfig      stm32f10x_tim.o
    0x08002f80   0x08002f80   0x0000000e   Code   RO         3286    i.TIM_InitPro       tim.o
    0x08002f8e   0x08002f8e   0x00000004   Code   RO         2476    i.TIM_SetCounter    stm32f10x_tim.o
    0x08002f92   0x08002f92   0x00000002   PAD
    0x08002f94   0x08002f94   0x0000009c   Code   RO         2482    i.TIM_TimeBaseInit  stm32f10x_tim.o
    0x08003030   0x08003030   0x000001fc   Code   RO         4018    i.Task_Start        mytask.o
    0x0800322c   0x0800322c   0x00000038   Code   RO         4144    i.UI_Display_ExitTips  ui.o
    0x08003264   0x08003264   0x00000080   Code   RO         4145    i.UI_Display_Home   ui.o
    0x080032e4   0x080032e4   0x000000d8   Code   RO         4146    i.UI_Display_ManualControl  ui.o
    0x080033bc   0x080033bc   0x000000a4   Code   RO         4147    i.UI_Display_ManualControl_Cornor  ui.o
    0x08003460   0x08003460   0x000001b4   Code   RO         4148    i.UI_Display_Menu   ui.o
    0x08003614   0x08003614   0x0000003c   Code   RO         4149    i.UI_Display_RequestFail  ui.o
    0x08003650   0x08003650   0x00000040   Code   RO         4150    i.UI_Display_RequestSuccess  ui.o
    0x08003690   0x08003690   0x00000040   Code   RO         4151    i.UI_Display_Requesting  ui.o
    0x080036d0   0x080036d0   0x0000016c   Code   RO         4152    i.UI_Display_SliderModule  ui.o
    0x0800383c   0x0800383c   0x00000074   Code   RO         4153    i.UI_Display_SwitchModule  ui.o
    0x080038b0   0x080038b0   0x00000034   Code   RO         4154    i.UI_Display_TipsFail  ui.o
    0x080038e4   0x080038e4   0x0000003c   Code   RO         4155    i.UI_Display_TipsInto  ui.o
    0x08003920   0x08003920   0x0000003c   Code   RO         4156    i.UI_Display_UpdateFail  ui.o
    0x0800395c   0x0800395c   0x0000003c   Code   RO         4157    i.UI_Display_UpdateSuccess  ui.o
    0x08003998   0x08003998   0x00000040   Code   RO         4158    i.UI_Display_Uploading  ui.o
    0x080039d8   0x080039d8   0x00000078   Code   RO         4159    i.UI_Display_ViewModule  ui.o
    0x08003a50   0x08003a50   0x00000068   Code   RO         4160    i.UI_InitPro        ui.o
    0x08003ab8   0x08003ab8   0x00000010   Code   RO         3322    i.USART1_Clear_RecBuffer  usart.o
    0x08003ac8   0x08003ac8   0x00000040   Code   RO         3323    i.USART1_IRQHandler  usart.o
    0x08003b08   0x08003b08   0x00000074   Code   RO         3324    i.USART1_Init       usart.o
    0x08003b7c   0x08003b7c   0x00000024   Code   RO         3325    i.USART1_RecState   usart.o
    0x08003ba0   0x08003ba0   0x00000020   Code   RO         3326    i.USART1_SendByte   usart.o
    0x08003bc0   0x08003bc0   0x00000018   Code   RO         3328    i.USART1_SendString  usart.o
    0x08003bd8   0x08003bd8   0x00000010   Code   RO         3329    i.USART3_Clear_RecBuffer  usart.o
    0x08003be8   0x08003be8   0x00000040   Code   RO         3330    i.USART3_IRQHandler  usart.o
    0x08003c28   0x08003c28   0x00000074   Code   RO         3331    i.USART3_Init       usart.o
    0x08003c9c   0x08003c9c   0x00000024   Code   RO         3332    i.USART3_RecState   usart.o
    0x08003cc0   0x08003cc0   0x00000020   Code   RO         3333    i.USART3_SendByte   usart.o
    0x08003ce0   0x08003ce0   0x00000018   Code   RO         3335    i.USART3_SendString  usart.o
    0x08003cf8   0x08003cf8   0x00000006   Code   RO         2933    i.USART_ClearFlag   stm32f10x_usart.o
    0x08003cfe   0x08003cfe   0x0000000c   Code   RO         2934    i.USART_ClearITPendingBit  stm32f10x_usart.o
    0x08003d0a   0x08003d0a   0x00000014   Code   RO         2937    i.USART_Cmd         stm32f10x_usart.o
    0x08003d1e   0x08003d1e   0x0000000e   Code   RO         2940    i.USART_GetFlagStatus  stm32f10x_usart.o
    0x08003d2c   0x08003d2c   0x0000003e   Code   RO         2941    i.USART_GetITStatus  stm32f10x_usart.o
    0x08003d6a   0x08003d6a   0x00000030   Code   RO         2943    i.USART_ITConfig    stm32f10x_usart.o
    0x08003d9a   0x08003d9a   0x00000002   PAD
    0x08003d9c   0x08003d9c   0x000000ac   Code   RO         2944    i.USART_Init        stm32f10x_usart.o
    0x08003e48   0x08003e48   0x0000006c   Code   RO         3336    i.USART_InitPro     usart.o
    0x08003eb4   0x08003eb4   0x00000008   Code   RO         2954    i.USART_SendData    stm32f10x_usart.o
    0x08003ebc   0x08003ebc   0x00000004   Code   RO         3340    i.USART_SendString_Wireless  usart.o
    0x08003ec0   0x08003ec0   0x0000002c   Code   RO         4681    i.Update_ChangeRequest  update.o
    0x08003eec   0x08003eec   0x0000008c   Code   RO         4682    i.Update_Currency   update.o
    0x08003f78   0x08003f78   0x00000074   Code   RO         4684    i.Update_SliderModule  update.o
    0x08003fec   0x08003fec   0x00000060   Code   RO         4685    i.Update_SwitchModule  update.o
    0x0800404c   0x0800404c   0x00000002   Code   RO         4853    i.UsageFault_Handler  stm32f10x_it.o
    0x0800404e   0x0800404e   0x000000aa   Code   RO         6201    i.__kernel_poly     m_ws.l(poly.o)
    0x080040f8   0x080040f8   0x00000010   Code   RO         6114    i.__mathlib_dbl_divzero  m_ws.l(dunder.o)
    0x08004108   0x08004108   0x00000006   Code   RO         6115    i.__mathlib_dbl_infnan  m_ws.l(dunder.o)
    0x0800410e   0x0800410e   0x0000000c   Code   RO         6117    i.__mathlib_dbl_invalid  m_ws.l(dunder.o)
    0x0800411a   0x0800411a   0x0000000e   Code   RO         5809    i._is_digit         c_w.l(__printf_wp.o)
    0x08004128   0x08004128   0x00000024   Code   RO         4161    i.digitLength       ui.o
    0x0800414c   0x0800414c   0x000000dc   Code   RO         5904    i.floor             m_ws.l(floor.o)
    0x08004228   0x08004228   0x0000035c   Code   RO         6129    i.log               m_ws.l(log.o)
    0x08004584   0x08004584   0x000000e4   Code   RO         5908    i.log10             m_ws.l(log10.o)
    0x08004668   0x08004668   0x00000022   Code   RO         4833    i.main              main.o
    0x0800468a   0x0800468a   0x00000002   PAD
    0x0800468c   0x0800468c   0x00000088   Code   RO         5294    i.prvAddCurrentTaskToDelayedList  tasks.o
    0x08004714   0x08004714   0x000000f0   Code   RO         5295    i.prvAddNewTaskToReadyList  tasks.o
    0x08004804   0x08004804   0x00000014   Code   RO         5296    i.prvDeleteTCB      tasks.o
    0x08004818   0x08004818   0x00000044   Code   RO         5595    i.prvHeapInit       heap_4.o
    0x0800485c   0x0800485c   0x0000005c   Code   RO         5297    i.prvIdleTask       tasks.o
    0x080048b8   0x080048b8   0x00000082   Code   RO         5298    i.prvInitialiseNewTask  tasks.o
    0x0800493a   0x0800493a   0x00000002   PAD
    0x0800493c   0x0800493c   0x0000004c   Code   RO         5596    i.prvInsertBlockIntoFreeList  heap_4.o
    0x08004988   0x08004988   0x0000001c   Code   RO         5299    i.prvResetNextTaskUnblockTime  tasks.o
    0x080049a4   0x080049a4   0x00000010   Code   RO         5658    i.prvTaskExitError  port.o
    0x080049b4   0x080049b4   0x00000020   Code   RO         5300    i.prvTaskIsTaskSuspended  tasks.o
    0x080049d4   0x080049d4   0x00000098   Code   RO         5598    i.pvPortMalloc      heap_4.o
    0x08004a6c   0x08004a6c   0x00000024   Code   RO         5659    i.pxPortInitialiseStack  port.o
    0x08004a90   0x08004a90   0x00000026   Code   RO         4994    i.uxListRemove      list.o
    0x08004ab6   0x08004ab6   0x00000016   Code   RO         4995    i.vListInitialise   list.o
    0x08004acc   0x08004acc   0x00000006   Code   RO         4996    i.vListInitialiseItem  list.o
    0x08004ad2   0x08004ad2   0x00000030   Code   RO         4997    i.vListInsert       list.o
    0x08004b02   0x08004b02   0x00000018   Code   RO         4998    i.vListInsertEnd    list.o
    0x08004b1a   0x08004b1a   0x00000002   PAD
    0x08004b1c   0x08004b1c   0x0000001c   Code   RO         5661    i.vPortEnterCritical  port.o
    0x08004b38   0x08004b38   0x00000014   Code   RO         5662    i.vPortExitCritical  port.o
    0x08004b4c   0x08004b4c   0x00000044   Code   RO         5599    i.vPortFree         heap_4.o
    0x08004b90   0x08004b90   0x00000018   Code   RO         5663    i.vPortSetupTimerInterrupt  port.o
    0x08004ba8   0x08004ba8   0x00000030   Code   RO         5308    i.vTaskDelay        tasks.o
    0x08004bd8   0x08004bd8   0x0000009c   Code   RO         5309    i.vTaskDelete       tasks.o
    0x08004c74   0x08004c74   0x00000094   Code   RO         5318    i.vTaskResume       tasks.o
    0x08004d08   0x08004d08   0x00000050   Code   RO         5320    i.vTaskStartScheduler  tasks.o
    0x08004d58   0x08004d58   0x000000b0   Code   RO         5321    i.vTaskSuspend      tasks.o
    0x08004e08   0x08004e08   0x00000010   Code   RO         5322    i.vTaskSuspendAll   tasks.o
    0x08004e18   0x08004e18   0x00000044   Code   RO         5323    i.vTaskSwitchContext  tasks.o
    0x08004e5c   0x08004e5c   0x0000000c   Code   RO         5602    i.xPortGetFreeHeapSize  heap_4.o
    0x08004e68   0x08004e68   0x00000030   Code   RO         5664    i.xPortStartScheduler  port.o
    0x08004e98   0x08004e98   0x0000005c   Code   RO         5326    i.xTaskCreate       tasks.o
    0x08004ef4   0x08004ef4   0x00000110   Code   RO         5335    i.xTaskIncrementTick  tasks.o
    0x08005004   0x08005004   0x00000114   Code   RO         5337    i.xTaskResumeAll    tasks.o
    0x08005118   0x08005118   0x0000002c   Code   RO         6247    locale$$code        c_w.l(lc_ctype_c.o)
    0x08005144   0x08005144   0x00000150   Code   RO         5847    x$fpl$dadd          fz_ws.l(daddsub_clz.o)
    0x08005294   0x08005294   0x00000010   Code   RO         6195    x$fpl$dcheck1       fz_ws.l(dcheck1.o)
    0x080052a4   0x080052a4   0x00000018   Code   RO         6079    x$fpl$dcmpinf       fz_ws.l(dcmpi.o)
    0x080052bc   0x080052bc   0x000002b0   Code   RO         5854    x$fpl$ddiv          fz_ws.l(ddiv.o)
    0x0800556c   0x0800556c   0x00000078   Code   RO         6081    x$fpl$deqf          fz_ws.l(deqf.o)
    0x080055e4   0x080055e4   0x0000005e   Code   RO         5857    x$fpl$dfix          fz_ws.l(dfix.o)
    0x08005642   0x08005642   0x00000002   PAD
    0x08005644   0x08005644   0x0000005a   Code   RO         5861    x$fpl$dfixu         fz_ws.l(dfixu.o)
    0x0800569e   0x0800569e   0x0000002e   Code   RO         5866    x$fpl$dflt          fz_ws.l(dflt_clz.o)
    0x080056cc   0x080056cc   0x00000078   Code   RO         5871    x$fpl$dleqf         fz_ws.l(dleqf.o)
    0x08005744   0x08005744   0x00000154   Code   RO         5873    x$fpl$dmul          fz_ws.l(dmul.o)
    0x08005898   0x08005898   0x0000009c   Code   RO         6083    x$fpl$dnaninf       fz_ws.l(dnaninf.o)
    0x08005934   0x08005934   0x0000000c   Code   RO         6085    x$fpl$dretinf       fz_ws.l(dretinf.o)
    0x08005940   0x08005940   0x0000006c   Code   RO         5875    x$fpl$drleqf        fz_ws.l(drleqf.o)
    0x080059ac   0x080059ac   0x00000016   Code   RO         5848    x$fpl$drsb          fz_ws.l(daddsub_clz.o)
    0x080059c2   0x080059c2   0x00000002   PAD
    0x080059c4   0x080059c4   0x000001d4   Code   RO         5849    x$fpl$dsub          fz_ws.l(daddsub_clz.o)
    0x08005b98   0x08005b98   0x00000056   Code   RO         5877    x$fpl$f2d           fz_ws.l(f2d.o)
    0x08005bee   0x08005bee   0x00000002   PAD
    0x08005bf0   0x08005bf0   0x00000184   Code   RO         5886    x$fpl$fdiv          fz_ws.l(fdiv.o)
    0x08005d74   0x08005d74   0x00000030   Code   RO         5890    x$fpl$fflt          fz_ws.l(fflt_clz.o)
    0x08005da4   0x08005da4   0x0000008c   Code   RO         6089    x$fpl$fnaninf       fz_ws.l(fnaninf.o)
    0x08005e30   0x08005e30   0x0000000a   Code   RO         6091    x$fpl$fretinf       fz_ws.l(fretinf.o)
    0x08005e3a   0x08005e3a   0x00000064   Code   RO         6270    x$fpl$retnan        fz_ws.l(retnan.o)
    0x08005e9e   0x08005e9e   0x0000005c   Code   RO         6101    x$fpl$scalbn        fz_ws.l(scalbn.o)
    0x08005efa   0x08005efa   0x00000030   Code   RO         6302    x$fpl$trapveneer    fz_ws.l(trapv.o)
    0x08005f2a   0x08005f2a   0x00000000   Code   RO         6103    x$fpl$usenofp       fz_ws.l(usenofp.o)
    0x08005f2a   0x08005f2a   0x000005f0   Data   RO         3851    .constdata          oled_data.o
    0x0800651a   0x0800651a   0x0000023a   Data   RO         3852    .constdata          oled_data.o
    0x08006754   0x08006754   0x000000af   Data   RO         3855    .constdata          oled_data.o
    0x08006803   0x08006803   0x0000003c   Data   RO         3856    .constdata          oled_data.o
    0x0800683f   0x0800683f   0x0000003c   Data   RO         3857    .constdata          oled_data.o
    0x0800687b   0x0800687b   0x0000003c   Data   RO         3858    .constdata          oled_data.o
    0x080068b7   0x080068b7   0x0000003c   Data   RO         3859    .constdata          oled_data.o
    0x080068f3   0x080068f3   0x0000003c   Data   RO         3860    .constdata          oled_data.o
    0x0800692f   0x0800692f   0x0000003c   Data   RO         3861    .constdata          oled_data.o
    0x0800696b   0x0800696b   0x0000003c   Data   RO         3862    .constdata          oled_data.o
    0x080069a7   0x080069a7   0x0000003c   Data   RO         3863    .constdata          oled_data.o
    0x080069e3   0x080069e3   0x0000003c   Data   RO         3864    .constdata          oled_data.o
    0x08006a1f   0x08006a1f   0x0000003c   Data   RO         3865    .constdata          oled_data.o
    0x08006a5b   0x08006a5b   0x0000003c   Data   RO         3866    .constdata          oled_data.o
    0x08006a97   0x08006a97   0x00000190   Data   RO         3867    .constdata          oled_data.o
    0x08006c27   0x08006c27   0x00000190   Data   RO         3868    .constdata          oled_data.o
    0x08006db7   0x08006db7   0x00000190   Data   RO         3870    .constdata          oled_data.o
    0x08006f47   0x08006f47   0x00000190   Data   RO         3871    .constdata          oled_data.o
    0x080070d7   0x080070d7   0x00000190   Data   RO         3873    .constdata          oled_data.o
    0x08007267   0x08007267   0x000000c8   Data   RO         3874    .constdata          oled_data.o
    0x0800732f   0x0800732f   0x000000c8   Data   RO         3875    .constdata          oled_data.o
    0x080073f7   0x080073f7   0x000000c8   Data   RO         3876    .constdata          oled_data.o
    0x080074bf   0x080074bf   0x00000006   Data   RO         3877    .constdata          oled_data.o
    0x080074c5   0x080074c5   0x0000003c   Data   RO         3878    .constdata          oled_data.o
    0x08007501   0x08007501   0x0000003c   Data   RO         3879    .constdata          oled_data.o
    0x0800753d   0x0800753d   0x0000003c   Data   RO         3880    .constdata          oled_data.o
    0x08007579   0x08007579   0x0000003c   Data   RO         3881    .constdata          oled_data.o
    0x080075b5   0x080075b5   0x000000c8   Data   RO         3882    .constdata          oled_data.o
    0x0800767d   0x0800767d   0x000000c8   Data   RO         3883    .constdata          oled_data.o
    0x08007745   0x08007745   0x00000003   PAD
    0x08007748   0x08007748   0x00000010   Data   RO         4686    .constdata          update.o
    0x08007758   0x08007758   0x00000008   Data   RO         4781    .constdata          manual.o
    0x08007760   0x08007760   0x00000011   Data   RO         5817    .constdata          c_w.l(__printf_flags_ss_wp.o)
    0x08007771   0x08007771   0x00000007   PAD
    0x08007778   0x08007778   0x00000038   Data   RO         6130    .constdata          m_ws.l(log.o)
    0x080077b0   0x080077b0   0x00000008   Data   RO         6138    .constdata          m_ws.l(qnan.o)
    0x080077b8   0x080077b8   0x00000020   Data   RO         6334    Region$$Table       anon$$obj.o
    0x080077d8   0x080077d8   0x00000110   Data   RO         6246    locale$$data        c_w.l(lc_ctype_c.o)


    Execution Region RW_IRAM1 (Exec base: 0x20000000, Load base: 0x080078e8, Size: 0x00004700, Max: 0x00005000, ABSOLUTE, COMPRESSED[0x000000cc])

    Exec Addr    Load Addr    Size         Type   Attr      Idx    E Section Name        Object

    0x20000000   COMPRESSED   0x00000014   Data   RW         1798    .data               stm32f10x_rcc.o
    0x20000014   COMPRESSED   0x00000004   Data   RW         3287    .data               tim.o
    0x20000018   COMPRESSED   0x00000006   Data   RW         3342    .data               usart.o
    0x2000001e   COMPRESSED   0x00000004   Data   RW         3936    .data               key.o
    0x20000022   COMPRESSED   0x00000002   PAD
    0x20000024   COMPRESSED   0x00000040   Data   RW         4019    .data               mytask.o
    0x20000064   COMPRESSED   0x000000da   Data   RW         4290    .data               menu.o
    0x2000013e   COMPRESSED   0x00000006   Data   RW         4448    .data               post.o
    0x20000144   COMPRESSED   0x0000000c   Data   RW         4539    .data               build.o
    0x20000150   COMPRESSED   0x00000008   Data   RW         4687    .data               update.o
    0x20000158   COMPRESSED   0x00000010   Data   RW         4782    .data               manual.o
    0x20000168   COMPRESSED   0x00000004   Data   RW         4783    .data               manual.o
    0x2000016c   COMPRESSED   0x00000005   Data   RW         4784    .data               manual.o
    0x20000171   COMPRESSED   0x00000003   PAD
    0x20000174   COMPRESSED   0x00000040   Data   RW         5340    .data               tasks.o
    0x200001b4   COMPRESSED   0x0000001c   Data   RW         5605    .data               heap_4.o
    0x200001d0   COMPRESSED   0x00000004   Data   RW         5665    .data               port.o
    0x200001d4        -       0x00000800   Zero   RW         3341    .bss                usart.o
    0x200009d4        -       0x00000400   Zero   RW         3458    .bss                flash.o
    0x20000dd4        -       0x00000400   Zero   RW         3636    .bss                oled.o
    0x200011d4        -       0x000000c8   Zero   RW         5339    .bss                tasks.o
    0x2000129c        -       0x00002800   Zero   RW         5604    .bss                heap_4.o
    0x20003a9c        -       0x00000060   Zero   RW         6142    .bss                c_w.l(libspace.o)
    0x20003afc   COMPRESSED   0x00000004   PAD
    0x20003b00        -       0x00000800   Zero   RW            2    HEAP                startup_stm32f10x_md.o
    0x20004300        -       0x00000400   Zero   RW            1    STACK               startup_stm32f10x_md.o


==============================================================================

Image component sizes


      Code (inc. data)   RO Data    RW Data    ZI Data      Debug   Object Name

      1952        254          0         12          0      18158   build.o
       174         18          0          0          0       2460   cc2530.o
         0          0          0          0          0       4500   core_cm3.o
        54          0          0          0          0        588   delay.o
         0          0          0          0          0       2540   event_groups.o
       294         66          0          0       1024      21461   flash.o
       546         72          0          0          0       7927   gpio.o
       376         28          0         28      10240       5302   heap_4.o
       416         60          0          4          0       3731   key.o
       138          0          0          0          0       3366   list.o
        34          0          0          0          0        479   main.o
       534         68          8         25          0       5772   manual.o
      1290        112          0        218          0      22658   menu.o
       120         16          0          0          0     204895   misc.o
       182         26          0          0          0       3453   mysystem.o
       700        214          0         64          0       9203   mytask.o
      1288         54          0          0       1024      13842   oled.o
         0          0       6171          0          0       3380   oled_data.o
       366         44          0          4          0       9140   port.o
       786         70          0          6          0       7069   post.o
        64         26        236          0       3072        832   startup_stm32f10x_md.o
         0          0          0          0          0       1684   stm32f10x_adc.o
        44         10          0          0          0       1164   stm32f10x_exti.o
       226         30          0          0          0      11563   stm32f10x_flash.o
       184          0          0          0          0      12079   stm32f10x_gpio.o
        12          0          0          0          0       2649   stm32f10x_it.o
       196         28          0         20          0      13194   stm32f10x_rcc.o
       236         42          0          0          0      26383   stm32f10x_tim.o
       342          6          0          0          0      12937   stm32f10x_usart.o
       248         24          0          0          0      45065   system_stm32f10x.o
      2010        132          0         64        200      28879   tasks.o
       272         14          0          4          0       2452   tim.o
      2224        352          0          0          0      11333   ui.o
       396         62         16          8          0       3933   update.o
       688        150          0          6       2048       9274   usart.o

    ----------------------------------------------------------------------
     16430       1978       6466        468      17608     533345   Object Totals
         0          0         32          0          0          0   (incl. Generated)
        38          0          3          5          0          0   (incl. Padding)

    ----------------------------------------------------------------------

      Code (inc. data)   RO Data    RW Data    ZI Data      Debug   Library Member Name

        44          6          0          0          0         84   __2sprintf.o
        90          0          0          0          0          0   __dczerorl2.o
         8          0          0          0          0         68   __main.o
       392          4         17          0          0         92   __printf_flags_ss_wp.o
        14          0          0          0          0         68   __printf_wp.o
         0          0          0          0          0          0   __rtentry.o
        12          0          0          0          0          0   __rtentry2.o
         6          0          0          0          0          0   __rtentry4.o
        52          8          0          0          0          0   __scatter.o
        28          0          0          0          0          0   __scatter_zi.o
        28          0          0          0          0         68   _chval.o
        48          6          0          0          0         96   _printf_char_common.o
         6          0          0          0          0          0   _printf_d.o
       120         16          0          0          0         92   _printf_dec.o
       178          0          0          0          0         88   _printf_intcommon.o
         0          0          0          0          0          0   _printf_percent.o
         4          0          0          0          0          0   _printf_percent_end.o
        22          0          0          0          0        100   _rserrno.o
        10          0          0          0          0         68   _sputc.o
       158          0          0          0          0         92   _strtoul.o
        16          0          0          0          0         68   aeabi_memset.o
        26          0          0          0          0         80   atoi.o
        10          0          0          0          0         68   defsig_exit.o
        50          0          0          0          0         88   defsig_general.o
        80         58          0          0          0         76   defsig_rtmem_inner.o
        14          0          0          0          0         80   defsig_rtmem_outer.o
        18          0          0          0          0         80   exit.o
        94          0          0          0          0         80   h1_alloc.o
        52          0          0          0          0         68   h1_extend.o
        78          0          0          0          0         80   h1_free.o
        14          0          0          0          0         84   h1_init.o
         6          0          0          0          0        152   heapauxi.o
         4          0          0          0          0        136   hguard.o
         0          0          0          0          0          0   indicate_semi.o
       138          0          0          0          0        168   init_alloc.o
        44         10        272          0          0         76   lc_ctype_c.o
         2          0          0          0          0          0   libinit.o
        28          0          0          0          0          0   libinit2.o
         2          0          0          0          0          0   libshutdown.o
         2          0          0          0          0          0   libshutdown2.o
         8          4          0          0         96         68   libspace.o
         0          0          0          0          0          0   maybetermalloc1.o
        16          4          0          0          0         76   rt_ctype_table.o
         8          4          0          0          0         68   rt_errno_addr_intlibspace.o
         8          4          0          0          0         68   rt_heap_descriptor_intlibspace.o
         8          4          0          0          0         68   rt_locale_intlibspace.o
        68          0          0          0          0         68   rt_memclr.o
        78          0          0          0          0         80   rt_memclr_w.o
         2          0          0          0          0          0   rtexit.o
        10          0          0          0          0          0   rtexit2.o
        24          0          0          0          0         68   strcat.o
        20          0          0          0          0         68   strchr.o
       128          0          0          0          0         68   strcmpv7m.o
        86          0          0          0          0         76   strncpy.o
        36          0          0          0          0         80   strstr.o
       112          0          0          0          0         88   strtol.o
        12          4          0          0          0         68   sys_exit.o
        74          0          0          0          0         80   sys_stackheap_outer.o
        14          0          0          0          0         76   sys_wrch.o
         2          0          0          0          0         68   use_no_semi.o
       826         16          0          0          0        348   daddsub_clz.o
        16          4          0          0          0         68   dcheck1.o
        24          0          0          0          0         68   dcmpi.o
       688        140          0          0          0        208   ddiv.o
       120          4          0          0          0         92   deqf.o
        94          4          0          0          0         92   dfix.o
        90          4          0          0          0         92   dfixu.o
        46          0          0          0          0         68   dflt_clz.o
       120          4          0          0          0         92   dleqf.o
       340         12          0          0          0        104   dmul.o
       156          4          0          0          0         92   dnaninf.o
        12          0          0          0          0         68   dretinf.o
       108          0          0          0          0         80   drleqf.o
        86          4          0          0          0         84   f2d.o
       388         76          0          0          0         96   fdiv.o
        48          0          0          0          0         68   fflt_clz.o
       140          4          0          0          0         84   fnaninf.o
        10          0          0          0          0         68   fretinf.o
       100          0          0          0          0         68   retnan.o
        92          0          0          0          0         68   scalbn.o
        48          0          0          0          0         68   trapv.o
         0          0          0          0          0          0   usenofp.o
        34          4          0          0          0        204   dunder.o
       220         16          0          0          0         84   floor.o
       860         52         56          0          0        256   log.o
       228         30          0          0          0        120   log10.o
       170          0          0          0          0         96   poly.o
         0          0          8          0          0          0   qnan.o

    ----------------------------------------------------------------------
      7696        510        360          0        100       6372   Library Totals
        20          0          7          0          4          0   (incl. Padding)

    ----------------------------------------------------------------------

      Code (inc. data)   RO Data    RW Data    ZI Data      Debug   Library Name

      2612        132        289          0         96       3536   c_w.l
      3552        276          0          0          0       2076   fz_ws.l
      1512        102         64          0          0        760   m_ws.l

    ----------------------------------------------------------------------
      7696        510        360          0        100       6372   Library Totals

    ----------------------------------------------------------------------

==============================================================================


      Code (inc. data)   RO Data    RW Data    ZI Data      Debug   

     24126       2488       6826        468      17708     522605   Grand Totals
     24126       2488       6826        204      17708     522605   ELF Image Totals (compressed)
     24126       2488       6826        204          0          0   ROM Totals

==============================================================================

    Total RO  Size (Code + RO Data)                30952 (  30.23kB)
    Total RW  Size (RW Data + ZI Data)             18176 (  17.75kB)
    Total ROM Size (Code + RO Data + RW Data)      31156 (  30.43kB)

==============================================================================

